Component: ARM Compiler 5.06 update 6 (build 750) Tool: armlink [4d35ed]

==============================================================================

Section Cross References

    startup_stm32f103xb.o(RESET) refers to startup_stm32f103xb.o(STACK) for __initial_sp
    startup_stm32f103xb.o(RESET) refers to startup_stm32f103xb.o(.text) for Reset_Handler
    startup_stm32f103xb.o(RESET) refers to stm32f1xx_it.o(i.NMI_Handler) for NMI_Handler
    startup_stm32f103xb.o(RESET) refers to stm32f1xx_it.o(i.HardFault_Handler) for HardFault_Handler
    startup_stm32f103xb.o(RESET) refers to stm32f1xx_it.o(i.MemManage_Handler) for MemManage_Handler
    startup_stm32f103xb.o(RESET) refers to stm32f1xx_it.o(i.BusFault_Handler) for BusFault_Handler
    startup_stm32f103xb.o(RESET) refers to stm32f1xx_it.o(i.UsageFault_Handler) for UsageFault_Handler
    startup_stm32f103xb.o(RESET) refers to stm32f1xx_it.o(i.SVC_Handler) for SVC_Handler
    startup_stm32f103xb.o(RESET) refers to stm32f1xx_it.o(i.DebugMon_Handler) for DebugMon_Handler
    startup_stm32f103xb.o(RESET) refers to stm32f1xx_it.o(i.PendSV_Handler) for PendSV_Handler
    startup_stm32f103xb.o(RESET) refers to stm32f1xx_it.o(i.SysTick_Handler) for SysTick_Handler
    startup_stm32f103xb.o(RESET) refers to stm32f1xx_it.o(i.EXTI0_IRQHandler) for EXTI0_IRQHandler
    startup_stm32f103xb.o(RESET) refers to stm32f1xx_it.o(i.EXTI1_IRQHandler) for EXTI1_IRQHandler
    startup_stm32f103xb.o(RESET) refers to stm32f1xx_it.o(i.EXTI2_IRQHandler) for EXTI2_IRQHandler
    startup_stm32f103xb.o(RESET) refers to stm32f1xx_it.o(i.EXTI3_IRQHandler) for EXTI3_IRQHandler
    startup_stm32f103xb.o(RESET) refers to stm32f1xx_it.o(i.EXTI4_IRQHandler) for EXTI4_IRQHandler
    startup_stm32f103xb.o(RESET) refers to stm32f1xx_it.o(i.ADC1_2_IRQHandler) for ADC1_2_IRQHandler
    startup_stm32f103xb.o(RESET) refers to stm32f1xx_it.o(i.EXTI9_5_IRQHandler) for EXTI9_5_IRQHandler
    startup_stm32f103xb.o(RESET) refers to stm32f1xx_it.o(i.TIM1_UP_IRQHandler) for TIM1_UP_IRQHandler
    startup_stm32f103xb.o(RESET) refers to stm32f1xx_it.o(i.TIM2_IRQHandler) for TIM2_IRQHandler
    startup_stm32f103xb.o(RESET) refers to stm32f1xx_it.o(i.TIM3_IRQHandler) for TIM3_IRQHandler
    startup_stm32f103xb.o(RESET) refers to stm32f1xx_it.o(i.TIM4_IRQHandler) for TIM4_IRQHandler
    startup_stm32f103xb.o(RESET) refers to stm32f1xx_it.o(i.I2C1_EV_IRQHandler) for I2C1_EV_IRQHandler
    startup_stm32f103xb.o(RESET) refers to stm32f1xx_it.o(i.I2C1_ER_IRQHandler) for I2C1_ER_IRQHandler
    startup_stm32f103xb.o(RESET) refers to stm32f1xx_it.o(i.USART1_IRQHandler) for USART1_IRQHandler
    startup_stm32f103xb.o(RESET) refers to stm32f1xx_it.o(i.USART2_IRQHandler) for USART2_IRQHandler
    startup_stm32f103xb.o(RESET) refers to stm32f1xx_it.o(i.USART3_IRQHandler) for USART3_IRQHandler
    startup_stm32f103xb.o(RESET) refers to stm32f1xx_it.o(i.EXTI15_10_IRQHandler) for EXTI15_10_IRQHandler
    startup_stm32f103xb.o(.text) refers to system_stm32f1xx.o(i.SystemInit) for SystemInit
    startup_stm32f103xb.o(.text) refers to entry.o(.ARM.Collect$$$$00000000) for __main
    surus.o(i.bldc_motor_calistir) refers to stm32f1xx_hal_gpio.o(i.HAL_GPIO_WritePin) for HAL_GPIO_WritePin
    surus.o(i.bldc_motor_calistir) refers to surus.o(i.frenleme) for frenleme
    surus.o(i.bldc_motor_calistir) refers to surus.o(.data) for .data
    surus.o(i.bldc_motor_durdur) refers to surus.o(i.frenleme) for frenleme
    surus.o(i.bldc_motor_durdur) refers to surus.o(.data) for .data
    surus.o(i.bldc_sur) refers to surus.o(i.bldc_motor_calistir) for bldc_motor_calistir
    surus.o(i.bldc_sur) refers to surus.o(i.bldc_motor_durdur) for bldc_motor_durdur
    surus.o(i.bldc_sur) refers to surus.o(.data) for .data
    surus.o(i.direksiyon_cevir) refers to surus.o(.data) for .data
    surus.o(i.direksiyon_kur) refers to surus.o(.data) for .data
    surus.o(i.fren_durum_kontrol) refers to surus.o(.data) for .data
    surus.o(i.frenleme) refers to stm32f1xx_hal_gpio.o(i.HAL_GPIO_WritePin) for HAL_GPIO_WritePin
    surus.o(i.frenleme) refers to surus.o(i.fren_durum_kontrol) for fren_durum_kontrol
    surus.o(i.frenleme) refers to stm32f1xx_hal_uart.o(i.HAL_UART_Transmit_IT) for HAL_UART_Transmit_IT
    surus.o(i.frenleme) refers to surus.o(.data) for .data
    surus.o(i.frenleme) refers to main.o(.bss) for huart3
    surus.o(i.surus) refers to surus.o(i.direksiyon_cevir) for direksiyon_cevir
    surus.o(i.surus) refers to surus.o(i.bldc_sur) for bldc_sur
    surus.o(i.surus) refers to surus.o(.data) for .data
    xbee.o(i.paket_dogrula) refers to xbee.o(i.xbee_gonder) for xbee_gonder
    xbee.o(i.paket_dogrula) refers to stm32f1xx_hal_gpio.o(i.HAL_GPIO_WritePin) for HAL_GPIO_WritePin
    xbee.o(i.paket_dogrula) refers to xbee.o(.data) for .data
    xbee.o(i.paket_dogrula) refers to main.o(.bss) for huart1
    xbee.o(i.veri_alma_baslat_it) refers to stm32f1xx_hal_uart.o(i.HAL_UART_Receive_IT) for HAL_UART_Receive_IT
[...]
    ../clib/microlib/init/entry.s            0x00000000   Number         0  entry8b.o ABSOLUTE
    ../clib/microlib/init/entry.s            0x00000000   Number         0  entry.o ABSOLUTE
    ../clib/microlib/init/entry.s            0x00000000   Number         0  entry5.o ABSOLUTE
    ../clib/microlib/init/entry.s            0x00000000   Number         0  entry9a.o ABSOLUTE
    ../clib/microlib/init/entry.s            0x00000000   Number         0  entry9b.o ABSOLUTE
    ../clib/microlib/init/entry.s            0x00000000   Number         0  entry10b.o ABSOLUTE
    ../clib/microlib/init/entry.s            0x00000000   Number         0  entry11a.o ABSOLUTE
    ../clib/microlib/init/entry.s            0x00000000   Number         0  entry11b.o ABSOLUTE
    ../clib/microlib/init/entry.s            0x00000000   Number         0  entry2.o ABSOLUTE
    ../clib/microlib/init/entry.s            0x00000000   Number         0  entry7a.o ABSOLUTE
    ../clib/microlib/init/entry.s            0x00000000   Number         0  entry10a.o ABSOLUTE
    ../clib/microlib/longlong.c              0x00000000   Number         0  llsshr.o ABSOLUTE
    ../clib/microlib/longlong.c              0x00000000   Number         0  llushr.o ABSOLUTE
    ../clib/microlib/longlong.c              0x00000000   Number         0  llshl.o ABSOLUTE
    ../clib/microlib/string/memset.c         0x00000000   Number         0  memseta.o ABSOLUTE
    ../clib/microlib/stubs.s                 0x00000000   Number         0  iusefp.o ABSOLUTE
    ../fplib/microlib/fpadd.c                0x00000000   Number         0  dadd.o ABSOLUTE
    ../fplib/microlib/fpdiv.c                0x00000000   Number         0  ddiv.o ABSOLUTE
    ../fplib/microlib/fpepilogue.c           0x00000000   Number         0  depilogue.o ABSOLUTE
    ../fplib/microlib/fpfix.c                0x00000000   Number         0  dfixi.o ABSOLUTE
    ../fplib/microlib/fpflt.c                0x00000000   Number         0  dflti.o ABSOLUTE
    ../fplib/microlib/fpflt.c                0x00000000   Number         0  dfltui.o ABSOLUTE
    ../fplib/microlib/fpmul.c                0x00000000   Number         0  dmul.o ABSOLUTE
    ../fplib/microlib/fpscalb.c              0x00000000   Number         0  dscalb.o ABSOLUTE
    ../mathlib/cos.c                         0x00000000   Number         0  cos_x.o ABSOLUTE
    ../mathlib/cos.c                         0x00000000   Number         0  cos.o ABSOLUTE
    ../mathlib/cos_i.c                       0x00000000   Number         0  cos_i.o ABSOLUTE
    ../mathlib/dunder.c                      0x00000000   Number         0  dunder.o ABSOLUTE
    ../mathlib/fpclassify.c                  0x00000000   Number         0  fpclassify.o ABSOLUTE
    ../mathlib/poly.c                        0x00000000   Number         0  poly.o ABSOLUTE
    ../mathlib/rred.c                        0x00000000   Number         0  rred.o ABSOLUTE
    ../mathlib/sin_i.c                       0x00000000   Number         0  sin_i.o ABSOLUTE
    ../mathlib/sin_i.c                       0x00000000   Number         0  sin_i_x.o ABSOLUTE
    ..\Drivers\STM32F1xx_HAL_Driver\Src\stm32f1xx_hal.c 0x00000000   Number         0  stm32f1xx_hal.o ABSOLUTE
    ..\Drivers\STM32F1xx_HAL_Driver\Src\stm32f1xx_hal_adc.c 0x00000000   Number         0  stm32f1xx_hal_adc.o ABSOLUTE
    ..\Drivers\STM32F1xx_HAL_Driver\Src\stm32f1xx_hal_adc_ex.c 0x00000000   Number         0  stm32f1xx_hal_adc_ex.o ABSOLUTE
    ..\Drivers\STM32F1xx_HAL_Driver\Src\stm32f1xx_hal_cortex.c 0x00000000   Number         0  stm32f1xx_hal_cortex.o ABSOLUTE
    ..\Drivers\STM32F1xx_HAL_Driver\Src\stm32f1xx_hal_dma.c 0x00000000   Number         0  stm32f1xx_hal_dma.o ABSOLUTE
    ..\Drivers\STM32F1xx_HAL_Driver\Src\stm32f1xx_hal_exti.c 0x00000000   Number         0  stm32f1xx_hal_exti.o ABSOLUTE
    ..\Drivers\STM32F1xx_HAL_Driver\Src\stm32f1xx_hal_flash.c 0x00000000   Number         0  stm32f1xx_hal_flash.o ABSOLUTE
    ..\Drivers\STM32F1xx_HAL_Driver\Src\stm32f1xx_hal_flash_ex.c 0x00000000   Number         0  stm32f1xx_hal_flash_ex.o ABSOLUTE
    ..\Drivers\STM32F1xx_HAL_Driver\Src\stm32f1xx_hal_gpio.c 0x00000000   Number         0  stm32f1xx_hal_gpio.o ABSOLUTE
    ..\Drivers\STM32F1xx_HAL_Driver\Src\stm32f1xx_hal_gpio_ex.c 0x00000000   Number         0  stm32f1xx_hal_gpio_ex.o ABSOLUTE
    ..\Drivers\STM32F1xx_HAL_Driver\Src\stm32f1xx_hal_i2c.c 0x00000000   Number         0  stm32f1xx_hal_i2c.o ABSOLUTE
    ..\Drivers\STM32F1xx_HAL_Driver\Src\stm32f1xx_hal_pwr.c 0x00000000   Number         0  stm32f1xx_hal_pwr.o ABSOLUTE
    ..\Drivers\STM32F1xx_HAL_Driver\Src\stm32f1xx_hal_rcc.c 0x00000000   Number         0  stm32f1xx_hal_rcc.o ABSOLUTE
    ..\Drivers\STM32F1xx_HAL_Driver\Src\stm32f1xx_hal_rcc_ex.c 0x00000000   Number         0  stm32f1xx_hal_rcc_ex.o ABSOLUTE
    ..\Drivers\STM32F1xx_HAL_Driver\Src\stm32f1xx_hal_rtc.c 0x00000000   Number         0  stm32f1xx_hal_rtc.o ABSOLUTE
    ..\Drivers\STM32F1xx_HAL_Driver\Src\stm32f1xx_hal_rtc_ex.c 0x00000000   Number         0  stm32f1xx_hal_rtc_ex.o ABSOLUTE
    ..\Drivers\STM32F1xx_HAL_Driver\Src\stm32f1xx_hal_tim.c 0x00000000   Number         0  stm32f1xx_hal_tim.o ABSOLUTE
    ..\Drivers\STM32F1xx_HAL_Driver\Src\stm32f1xx_hal_tim_ex.c 0x00000000   Number         0  stm32f1xx_hal_tim_ex.o ABSOLUTE
    ..\Drivers\STM32F1xx_HAL_Driver\Src\stm32f1xx_hal_uart.c 0x00000000   Number         0  stm32f1xx_hal_uart.o ABSOLUTE
    ..\Src\ATS.c                             0x00000000   Number         0  ats.o ABSOLUTE
    ..\Src\main.c                            0x00000000   Number         0  main.o ABSOLUTE
    ..\Src\stm32f1xx_hal_msp.c               0x00000000   Number         0  stm32f1xx_hal_msp.o ABSOLUTE
    ..\Src\stm32f1xx_it.c                    0x00000000   Number         0  stm32f1xx_it.o ABSOLUTE
    ..\Src\surus.c                           0x00000000   Number         0  surus.o ABSOLUTE
    ..\Src\surusLite.c                       0x00000000   Number         0  suruslite.o ABSOLUTE
    ..\Src\system_stm32f1xx.c                0x00000000   Number         0  system_stm32f1xx.o ABSOLUTE
    ..\Src\xbee.c                            0x00000000   Number         0  xbee.o ABSOLUTE
    ..\\Src\\ATS.c                           0x00000000   Number         0  ats.o ABSOLUTE
    ..\\Src\\surus.c                         0x00000000   Number         0  surus.o ABSOLUTE
    ..\\Src\\surusLite.c                     0x00000000   Number         0  suruslite.o ABSOLUTE
    ..\\Src\\xbee.c                          0x00000000   Number         0  xbee.o ABSOLUTE
    dc.s                                     0x00000000   Number         0  dc.o ABSOLUTE
    handlers.s                               0x00000000   Number         0  handlers.o ABSOLUTE
    init.s                                   0x00000000   Number         0  init.o ABSOLUTE
    startup_stm32f103xb.s                    0x00000000   Number         0  startup_stm32f103xb.o ABSOLUTE
    RESET                                    0x08000000   Section      236  startup_stm32f103xb.o(RESET)
    .ARM.Collect$$$$00000000                 0x080000ec   Section        0  entry.o(.ARM.Collect$$$$00000000)
    .ARM.Collect$$$$00000001                 0x080000ec   Section        4  entry2.o(.ARM.Collect$$$$00000001)
    .ARM.Collect$$$$00000004                 0x080000f0   Section        4  entry5.o(.ARM.Collect$$$$00000004)
    .ARM.Collect$$$$00000008                 0x080000f4   Section        0  entry7b.o(.ARM.Collect$$$$00000008)
    .ARM.Collect$$$$0000000A                 0x080000f4   Section        0  entry8b.o(.ARM.Collect$$$$0000000A)
    .ARM.Collect$$$$0000000B                 0x080000f4   Section        8  entry9a.o(.ARM.Collect$$$$0000000B)
    .ARM.Collect$$$$0000000D                 0x080000fc   Section        0  entry10a.o(.ARM.Collect$$$$0000000D)
    .ARM.Collect$$$$0000000F                 0x080000fc   Section        0  entry11a.o(.ARM.Collect$$$$0000000F)
    .ARM.Collect$$$$00002712                 0x080000fc   Section        4  entry2.o(.ARM.Collect$$$$00002712)
    __lit__00000000                          0x080000fc   Data           4  entry2.o(.ARM.Collect$$$$00002712)
    .text                                    0x08000100   Section       36  startup_stm32f103xb.o(.text)
    .text                                    0x08000124   Section        0  llushr.o(.text)
    .text                                    0x08000144   Section        0  memseta.o(.text)
    .text                                    0x08000168   Section        0  dadd.o(.text)
    .text                                    0x080002b6   Section        0  dmul.o(.text)
    .text                                    0x0800039a   Section        0  ddiv.o(.text)
    .text                                    0x08000478   Section        0  dflti.o(.text)
    .text                                    0x0800049a   Section        0  dfixi.o(.text)
    .text                                    0x080004d8   Section        0  llshl.o(.text)
    .text                                    0x080004f6   Section        0  llsshr.o(.text)
    .text                                    0x0800051a   Section        0  depilogue.o(.text)
    .text                                    0x0800051a   Section        0  iusefp.o(.text)
    .text                                    0x080005d4   Section       36  init.o(.text)
    .text                                    0x080005f8   Section        0  dscalb.o(.text)
    .text                                    0x08000626   Section        0  dfltui.o(.text)
    i.ADC1_2_IRQHandler                      0x08000640   Section        0  stm32f1xx_it.o(i.ADC1_2_IRQHandler)
    i.ADC_ConversionStop_Disable             0x0800064c   Section        0  stm32f1xx_hal_adc.o(i.ADC_ConversionStop_Disable)
    i.AtsMkninit                             0x08000698   Section        0  ats.o(i.AtsMkninit)
    i.BusFault_Handler                       0x080006c0   Section        0  stm32f1xx_it.o(i.BusFault_Handler)
    i.DebugMon_Handler                       0x080006c2   Section        0  stm32f1xx_it.o(i.DebugMon_Handler)
    i.EXTI0_IRQHandler                       0x080006c4   Section        0  stm32f1xx_it.o(i.EXTI0_IRQHandler)
    i.EXTI15_10_IRQHandler                   0x08000770   Section        0  stm32f1xx_it.o(i.EXTI15_10_IRQHandler)
    i.EXTI1_IRQHandler                       0x080007a4   Section        0  stm32f1xx_it.o(i.EXTI1_IRQHandler)
    i.EXTI2_IRQHandler                       0x080007aa   Section        0  stm32f1xx_it.o(i.EXTI2_IRQHandler)
    i.EXTI3_IRQHandler                       0x080007b0   Section        0  stm32f1xx_it.o(i.EXTI3_IRQHandler)
    i.EXTI4_IRQHandler                       0x080007fc   Section        0  stm32f1xx_it.o(i.EXTI4_IRQHandler)
    i.EXTI9_5_IRQHandler                     0x08000838   Section        0  stm32f1xx_it.o(i.EXTI9_5_IRQHandler)
    i.Error_Handler                          0x080008bc   Section        0  main.o(i.Error_Handler)
    i.HAL_ADCEx_InjectedConvCpltCallback     0x080008be   Section        0  stm32f1xx_hal_adc_ex.o(i.HAL_ADCEx_InjectedConvCpltCallback)
    i.HAL_ADC_ConfigChannel                  0x080008c0   Section        0  stm32f1xx_hal_adc.o(i.HAL_ADC_ConfigChannel)
    i.HAL_ADC_ConvCpltCallback               0x080009bc   Section        0  stm32f1xx_hal_adc.o(i.HAL_ADC_ConvCpltCallback)
    i.HAL_ADC_IRQHandler                     0x080009be   Section        0  stm32f1xx_hal_adc.o(i.HAL_ADC_IRQHandler)
    i.HAL_ADC_Init                           0x08000aa4   Section        0  stm32f1xx_hal_adc.o(i.HAL_ADC_Init)
    i.HAL_ADC_LevelOutOfWindowCallback       0x08000bc0   Section        0  stm32f1xx_hal_adc.o(i.HAL_ADC_LevelOutOfWindowCallback)
    i.HAL_ADC_MspInit                        0x08000bc4   Section        0  stm32f1xx_hal_msp.o(i.HAL_ADC_MspInit)
    i.HAL_DMA_Abort_IT                       0x08000c2c   Section        0  stm32f1xx_hal_dma.o(i.HAL_DMA_Abort_IT)
    i.HAL_DMA_GetState                       0x08000cc4   Section        0  stm32f1xx_hal_dma.o(i.HAL_DMA_GetState)
    i.HAL_GPIO_EXTI_Callback                 0x08000cca   Section        0  stm32f1xx_hal_gpio.o(i.HAL_GPIO_EXTI_Callback)
    i.HAL_GPIO_EXTI_IRQHandler               0x08000ccc   Section        0  stm32f1xx_hal_gpio.o(i.HAL_GPIO_EXTI_IRQHandler)
    i.HAL_GPIO_Init                          0x08000ce4   Section        0  stm32f1xx_hal_gpio.o(i.HAL_GPIO_Init)
    i.HAL_GPIO_WritePin                      0x08000ec4   Section        0  stm32f1xx_hal_gpio.o(i.HAL_GPIO_WritePin)
    i.HAL_GetTick                            0x08000ed0   Section        0  stm32f1xx_hal.o(i.HAL_GetTick)
    i.HAL_I2C_AbortCpltCallback              0x08000edc   Section        0  stm32f1xx_hal_i2c.o(i.HAL_I2C_AbortCpltCallback)
    i.HAL_I2C_AddrCallback                   0x08000ede   Section        0  stm32f1xx_hal_i2c.o(i.HAL_I2C_AddrCallback)
    i.HAL_I2C_ER_IRQHandler                  0x08000ee0   Section        0  stm32f1xx_hal_i2c.o(i.HAL_I2C_ER_IRQHandler)
    i.HAL_I2C_EV_IRQHandler                  0x08000fa4   Section        0  stm32f1xx_hal_i2c.o(i.HAL_I2C_EV_IRQHandler)
    i.HAL_I2C_ErrorCallback                  0x080011fe   Section        0  stm32f1xx_hal_i2c.o(i.HAL_I2C_ErrorCallback)
    i.HAL_I2C_Init                           0x08001200   Section        0  stm32f1xx_hal_i2c.o(i.HAL_I2C_Init)
    i.HAL_I2C_ListenCpltCallback             0x08001374   Section        0  stm32f1xx_hal_i2c.o(i.HAL_I2C_ListenCpltCallback)
    i.HAL_I2C_MasterRxCpltCallback           0x08001378   Section        0  ats.o(i.HAL_I2C_MasterRxCpltCallback)
    i.HAL_I2C_MasterTxCpltCallback           0x080013f8   Section        0  ats.o(i.HAL_I2C_MasterTxCpltCallback)
    i.HAL_I2C_Master_Receive_IT              0x08001444   Section        0  stm32f1xx_hal_i2c.o(i.HAL_I2C_Master_Receive_IT)
    i.HAL_I2C_Master_Transmit_IT             0x0800150c   Section        0  stm32f1xx_hal_i2c.o(i.HAL_I2C_Master_Transmit_IT)
    i.HAL_I2C_MemRxCpltCallback              0x080015c8   Section        0  stm32f1xx_hal_i2c.o(i.HAL_I2C_MemRxCpltCallback)
    i.HAL_I2C_MemTxCpltCallback              0x080015ca   Section        0  stm32f1xx_hal_i2c.o(i.HAL_I2C_MemTxCpltCallback)
    i.HAL_I2C_MspInit                        0x080015cc   Section        0  stm32f1xx_hal_msp.o(i.HAL_I2C_MspInit)
    i.HAL_I2C_SlaveRxCpltCallback            0x0800165c   Section        0  stm32f1xx_hal_i2c.o(i.HAL_I2C_SlaveRxCpltCallback)
    i.HAL_I2C_SlaveTxCpltCallback            0x0800165e   Section        0  stm32f1xx_hal_i2c.o(i.HAL_I2C_SlaveTxCpltCallback)
    i.HAL_IncTick                            0x08001660   Section        0  stm32f1xx_hal.o(i.HAL_IncTick)
    i.HAL_Init                               0x08001670   Section        0  stm32f1xx_hal.o(i.HAL_Init)
    i.HAL_InitTick                           0x08001694   Section        0  stm32f1xx_hal.o(i.HAL_InitTick)
    i.HAL_MspInit                            0x080016d4   Section        0  stm32f1xx_hal_msp.o(i.HAL_MspInit)
    i.HAL_NVIC_EnableIRQ                     0x08001710   Section        0  stm32f1xx_hal_cortex.o(i.HAL_NVIC_EnableIRQ)
    i.HAL_NVIC_SetPriority                   0x0800172c   Section        0  stm32f1xx_hal_cortex.o(i.HAL_NVIC_SetPriority)
    i.HAL_NVIC_SetPriorityGrouping           0x0800176c   Section        0  stm32f1xx_hal_cortex.o(i.HAL_NVIC_SetPriorityGrouping)
    i.HAL_PWR_EnableBkUpAccess               0x08001790   Section        0  stm32f1xx_hal_pwr.o(i.HAL_PWR_EnableBkUpAccess)
    i.HAL_RCCEx_GetPeriphCLKFreq             0x0800179c   Section        0  stm32f1xx_hal_rcc_ex.o(i.HAL_RCCEx_GetPeriphCLKFreq)
    i.HAL_RCCEx_PeriphCLKConfig              0x08001864   Section        0  stm32f1xx_hal_rcc_ex.o(i.HAL_RCCEx_PeriphCLKConfig)
    i.HAL_RCC_ClockConfig                    0x08001950   Section        0  stm32f1xx_hal_rcc.o(i.HAL_RCC_ClockConfig)
    i.HAL_RCC_GetPCLK1Freq                   0x08001a7c   Section        0  stm32f1xx_hal_rcc.o(i.HAL_RCC_GetPCLK1Freq)
    i.HAL_RCC_GetPCLK2Freq                   0x08001a9c   Section        0  stm32f1xx_hal_rcc.o(i.HAL_RCC_GetPCLK2Freq)
    i.HAL_RCC_GetSysClockFreq                0x08001abc   Section        0  stm32f1xx_hal_rcc.o(i.HAL_RCC_GetSysClockFreq)
    i.HAL_RCC_OscConfig                      0x08001b28   Section        0  stm32f1xx_hal_rcc.o(i.HAL_RCC_OscConfig)
    i.HAL_RTC_Init                           0x08001e48   Section        0  stm32f1xx_hal_rtc.o(i.HAL_RTC_Init)
    i.HAL_RTC_MspInit                        0x08001ee8   Section        0  stm32f1xx_hal_msp.o(i.HAL_RTC_MspInit)
    i.HAL_RTC_WaitForSynchro                 0x08001f1c   Section        0  stm32f1xx_hal_rtc.o(i.HAL_RTC_WaitForSynchro)
    i.HAL_SYSTICK_Config                     0x08001f56   Section        0  stm32f1xx_hal_cortex.o(i.HAL_SYSTICK_Config)
    i.HAL_TIMEx_BreakCallback                0x08001f7e   Section        0  stm32f1xx_hal_tim_ex.o(i.HAL_TIMEx_BreakCallback)
    i.HAL_TIMEx_CommutCallback               0x08001f80   Section        0  stm32f1xx_hal_tim_ex.o(i.HAL_TIMEx_CommutCallback)
    i.HAL_TIMEx_MasterConfigSynchronization  0x08001f82   Section        0  stm32f1xx_hal_tim_ex.o(i.HAL_TIMEx_MasterConfigSynchronization)
    i.HAL_TIM_Base_Init                      0x08001fc4   Section        0  stm32f1xx_hal_tim.o(i.HAL_TIM_Base_Init)
    i.HAL_TIM_Base_MspInit                   0x08001ffc   Section        0  stm32f1xx_hal_msp.o(i.HAL_TIM_Base_MspInit)
    i.HAL_TIM_ConfigClockSource              0x080020ac   Section        0  stm32f1xx_hal_tim.o(i.HAL_TIM_ConfigClockSource)
    i.HAL_TIM_IC_CaptureCallback             0x08002182   Section        0  stm32f1xx_hal_tim.o(i.HAL_TIM_IC_CaptureCallback)
    i.HAL_TIM_IRQHandler                     0x08002184   Section        0  stm32f1xx_hal_tim.o(i.HAL_TIM_IRQHandler)
    i.HAL_TIM_MspPostInit                    0x080022ec   Section        0  stm32f1xx_hal_msp.o(i.HAL_TIM_MspPostInit)
    i.HAL_TIM_OC_DelayElapsedCallback        0x08002350   Section        0  stm32f1xx_hal_tim.o(i.HAL_TIM_OC_DelayElapsedCallback)
    i.HAL_TIM_PWM_ConfigChannel              0x08002352   Section        0  stm32f1xx_hal_tim.o(i.HAL_TIM_PWM_ConfigChannel)
    i.HAL_TIM_PWM_Init                       0x08002422   Section        0  stm32f1xx_hal_tim.o(i.HAL_TIM_PWM_Init)
    i.HAL_TIM_PWM_MspInit                    0x08002458   Section        0  stm32f1xx_hal_tim.o(i.HAL_TIM_PWM_MspInit)
    i.HAL_TIM_PWM_PulseFinishedCallback      0x0800245a   Section        0  stm32f1xx_hal_tim.o(i.HAL_TIM_PWM_PulseFinishedCallback)
    i.HAL_TIM_PeriodElapsedCallback          0x0800245c   Section        0  stm32f1xx_hal_tim.o(i.HAL_TIM_PeriodElapsedCallback)
    i.HAL_TIM_TriggerCallback                0x0800245e   Section        0  stm32f1xx_hal_tim.o(i.HAL_TIM_TriggerCallback)
    i.HAL_UART_ErrorCallback                 0x08002460   Section        0  stm32f1xx_hal_uart.o(i.HAL_UART_ErrorCallback)
    i.HAL_UART_IRQHandler                    0x08002464   Section        0  stm32f1xx_hal_uart.o(i.HAL_UART_IRQHandler)
    i.HAL_UART_Init                          0x08002574   Section        0  stm32f1xx_hal_uart.o(i.HAL_UART_Init)
    i.HAL_UART_MspInit                       0x080025d8   Section        0  stm32f1xx_hal_msp.o(i.HAL_UART_MspInit)
    i.HAL_UART_Receive_IT                    0x0800270c   Section        0  stm32f1xx_hal_uart.o(i.HAL_UART_Receive_IT)
    i.HAL_UART_RxCpltCallback                0x0800275e   Section        0  stm32f1xx_hal_uart.o(i.HAL_UART_RxCpltCallback)
    i.HAL_UART_Transmit_IT                   0x08002760   Section        0  stm32f1xx_hal_uart.o(i.HAL_UART_Transmit_IT)
    i.HAL_UART_TxCpltCallback                0x0800279e   Section        0  stm32f1xx_hal_uart.o(i.HAL_UART_TxCpltCallback)
    i.HardFault_Handler                      0x080027a0   Section        0  stm32f1xx_it.o(i.HardFault_Handler)
    i.I2C1_ER_IRQHandler                     0x080027a4   Section        0  stm32f1xx_it.o(i.I2C1_ER_IRQHandler)
    i.I2C1_EV_IRQHandler                     0x080027b0   Section        0  stm32f1xx_it.o(i.I2C1_EV_IRQHandler)
    i.I2C_DMAAbort                           0x080027bc   Section        0  stm32f1xx_hal_i2c.o(i.I2C_DMAAbort)
    I2C_DMAAbort                             0x080027bd   Thumb Code   126  stm32f1xx_hal_i2c.o(i.I2C_DMAAbort)
    i.I2C_ITError                            0x0800283c   Section        0  stm32f1xx_hal_i2c.o(i.I2C_ITError)
    I2C_ITError                              0x0800283d   Thumb Code   312  stm32f1xx_hal_i2c.o(i.I2C_ITError)
    i.I2C_MasterReceive_BTF                  0x0800297c   Section        0  stm32f1xx_hal_i2c.o(i.I2C_MasterReceive_BTF)
    I2C_MasterReceive_BTF                    0x0800297d   Thumb Code   210  stm32f1xx_hal_i2c.o(i.I2C_MasterReceive_BTF)
    i.I2C_MasterReceive_RXNE                 0x08002a4e   Section        0  stm32f1xx_hal_i2c.o(i.I2C_MasterReceive_RXNE)
    I2C_MasterReceive_RXNE                   0x08002a4f   Thumb Code   146  stm32f1xx_hal_i2c.o(i.I2C_MasterReceive_RXNE)
    i.I2C_MasterTransmit_BTF                 0x08002ae0   Section        0  stm32f1xx_hal_i2c.o(i.I2C_MasterTransmit_BTF)
    I2C_MasterTransmit_BTF                   0x08002ae1   Thumb Code   130  stm32f1xx_hal_i2c.o(i.I2C_MasterTransmit_BTF)
    i.I2C_MasterTransmit_TXE                 0x08002b64   Section        0  stm32f1xx_hal_i2c.o(i.I2C_MasterTransmit_TXE)
    I2C_MasterTransmit_TXE                   0x08002b65   Thumb Code   260  stm32f1xx_hal_i2c.o(i.I2C_MasterTransmit_TXE)
    i.I2C_Master_ADDR                        0x08002c68   Section        0  stm32f1xx_hal_i2c.o(i.I2C_Master_ADDR)
    I2C_Master_ADDR                          0x08002c69   Thumb Code   340  stm32f1xx_hal_i2c.o(i.I2C_Master_ADDR)
    i.I2C_Master_SB                          0x08002dc0   Section        0  stm32f1xx_hal_i2c.o(i.I2C_Master_SB)
    I2C_Master_SB                            0x08002dc1   Thumb Code   142  stm32f1xx_hal_i2c.o(i.I2C_Master_SB)
    i.I2C_Slave_AF                           0x08002e50   Section        0  stm32f1xx_hal_i2c.o(i.I2C_Slave_AF)
    I2C_Slave_AF                             0x08002e51   Thumb Code   126  stm32f1xx_hal_i2c.o(i.I2C_Slave_AF)
    i.I2C_Slave_STOPF                        0x08002ed4   Section        0  stm32f1xx_hal_i2c.o(i.I2C_Slave_STOPF)
    I2C_Slave_STOPF                          0x08002ed5   Thumb Code   338  stm32f1xx_hal_i2c.o(i.I2C_Slave_STOPF)
    i.MX_ADC1_Init                           0x08003030   Section        0  main.o(i.MX_ADC1_Init)
    MX_ADC1_Init                             0x08003031   Thumb Code    56  main.o(i.MX_ADC1_Init)
    i.MX_GPIO_Init                           0x08003070   Section        0  main.o(i.MX_GPIO_Init)
    MX_GPIO_Init                             0x08003071   Thumb Code   408  main.o(i.MX_GPIO_Init)
    i.MX_TIM1_Init                           0x08003220   Section        0  main.o(i.MX_TIM1_Init)
    MX_TIM1_Init                             0x08003221   Thumb Code    76  main.o(i.MX_TIM1_Init)
    i.MX_TIM2_Init                           0x08003274   Section        0  main.o(i.MX_TIM2_Init)
    MX_TIM2_Init                             0x08003275   Thumb Code    76  main.o(i.MX_TIM2_Init)
    i.MX_TIM3_Init                           0x080032c4   Section        0  main.o(i.MX_TIM3_Init)
    MX_TIM3_Init                             0x080032c5   Thumb Code   152  main.o(i.MX_TIM3_Init)
    i.MX_TIM4_Init                           0x08003364   Section        0  main.o(i.MX_TIM4_Init)
    MX_TIM4_Init                             0x08003365   Thumb Code    74  main.o(i.MX_TIM4_Init)
    i.MemManage_Handler                      0x080033b8   Section        0  stm32f1xx_it.o(i.MemManage_Handler)
    i.NMI_Handler                            0x080033ba   Section        0  stm32f1xx_it.o(i.NMI_Handler)
    i.PendSV_Handler                         0x080033bc   Section        0  stm32f1xx_it.o(i.PendSV_Handler)
    i.RTC_EnterInitMode                      0x080033be   Section        0  stm32f1xx_hal_rtc.o(i.RTC_EnterInitMode)
    RTC_EnterInitMode                        0x080033bf   Thumb Code    52  stm32f1xx_hal_rtc.o(i.RTC_EnterInitMode)
    i.RTC_ExitInitMode                       0x080033f4   Section        0  stm32f1xx_hal_rtc.o(i.RTC_ExitInitMode)
    RTC_ExitInitMode                         0x080033f5   Thumb Code    54  stm32f1xx_hal_rtc.o(i.RTC_ExitInitMode)
    i.SVC_Handler                            0x0800342a   Section        0  stm32f1xx_it.o(i.SVC_Handler)
    i.SysTick_Handler                        0x0800342c   Section        0  stm32f1xx_it.o(i.SysTick_Handler)
    i.SystemClock_Config                     0x08003430   Section        0  main.o(i.SystemClock_Config)
    i.SystemInit                             0x0800349c   Section        0  system_stm32f1xx.o(i.SystemInit)
    i.TIM1_UP_IRQHandler                     0x080034e4   Section        0  stm32f1xx_it.o(i.TIM1_UP_IRQHandler)
    i.TIM2_IRQHandler                        0x080034fc   Section        0  stm32f1xx_it.o(i.TIM2_IRQHandler)
    i.TIM3_IRQHandler                        0x080035f0   Section        0  stm32f1xx_it.o(i.TIM3_IRQHandler)
    i.TIM4_IRQHandler                        0x080035fc   Section        0  stm32f1xx_it.o(i.TIM4_IRQHandler)
    i.TIM_Base_SetConfig                     0x08003620   Section        0  stm32f1xx_hal_tim.o(i.TIM_Base_SetConfig)
    i.TIM_ETR_SetConfig                      0x0800368c   Section        0  stm32f1xx_hal_tim.o(i.TIM_ETR_SetConfig)
    i.TIM_ITRx_SetConfig                     0x080036a0   Section        0  stm32f1xx_hal_tim.o(i.TIM_ITRx_SetConfig)
    TIM_ITRx_SetConfig                       0x080036a1   Thumb Code    16  stm32f1xx_hal_tim.o(i.TIM_ITRx_SetConfig)
    i.TIM_OC1_SetConfig                      0x080036b0   Section        0  stm32f1xx_hal_tim.o(i.TIM_OC1_SetConfig)
    TIM_OC1_SetConfig                        0x080036b1   Thumb Code    74  stm32f1xx_hal_tim.o(i.TIM_OC1_SetConfig)
    i.TIM_OC2_SetConfig                      0x08003700   Section        0  stm32f1xx_hal_tim.o(i.TIM_OC2_SetConfig)
    i.TIM_OC3_SetConfig                      0x08003758   Section        0  stm32f1xx_hal_tim.o(i.TIM_OC3_SetConfig)
    TIM_OC3_SetConfig                        0x08003759   Thumb Code    82  stm32f1xx_hal_tim.o(i.TIM_OC3_SetConfig)
    i.TIM_OC4_SetConfig                      0x080037b0   Section        0  stm32f1xx_hal_tim.o(i.TIM_OC4_SetConfig)
    TIM_OC4_SetConfig                        0x080037b1   Thumb Code    64  stm32f1xx_hal_tim.o(i.TIM_OC4_SetConfig)
    i.TIM_TI1_ConfigInputStage               0x080037f4   Section        0  stm32f1xx_hal_tim.o(i.TIM_TI1_ConfigInputStage)
    TIM_TI1_ConfigInputStage                 0x080037f5   Thumb Code    34  stm32f1xx_hal_tim.o(i.TIM_TI1_ConfigInputStage)
    i.TIM_TI2_ConfigInputStage               0x08003816   Section        0  stm32f1xx_hal_tim.o(i.TIM_TI2_ConfigInputStage)
    TIM_TI2_ConfigInputStage                 0x08003817   Thumb Code    36  stm32f1xx_hal_tim.o(i.TIM_TI2_ConfigInputStage)
    i.UART_DMAAbortOnError                   0x0800383a   Section        0  stm32f1xx_hal_uart.o(i.UART_DMAAbortOnError)
    UART_DMAAbortOnError                     0x0800383b   Thumb Code    16  stm32f1xx_hal_uart.o(i.UART_DMAAbortOnError)
    i.UART_EndRxTransfer                     0x0800384a   Section        0  stm32f1xx_hal_uart.o(i.UART_EndRxTransfer)
    UART_EndRxTransfer                       0x0800384b   Thumb Code    28  stm32f1xx_hal_uart.o(i.UART_EndRxTransfer)
    i.UART_Receive_IT                        0x08003866   Section        0  stm32f1xx_hal_uart.o(i.UART_Receive_IT)
    UART_Receive_IT                          0x08003867   Thumb Code   150  stm32f1xx_hal_uart.o(i.UART_Receive_IT)
    i.UART_SetConfig                         0x080038fc   Section        0  stm32f1xx_hal_uart.o(i.UART_SetConfig)
    UART_SetConfig                           0x080038fd   Thumb Code   178  stm32f1xx_hal_uart.o(i.UART_SetConfig)
    i.UART_Transmit_IT                       0x080039b4   Section        0  stm32f1xx_hal_uart.o(i.UART_Transmit_IT)
    UART_Transmit_IT                         0x080039b5   Thumb Code    98  stm32f1xx_hal_uart.o(i.UART_Transmit_IT)
    i.USART1_IRQHandler                      0x08003a18   Section        0  stm32f1xx_it.o(i.USART1_IRQHandler)
    i.USART2_IRQHandler                      0x08003a64   Section        0  stm32f1xx_it.o(i.USART2_IRQHandler)
    i.USART3_IRQHandler                      0x08003a70   Section        0  stm32f1xx_it.o(i.USART3_IRQHandler)
    i.UsageFault_Handler                     0x08003aac   Section        0  stm32f1xx_it.o(i.UsageFault_Handler)
    i.__ARM_fpclassify                       0x08003aae   Section        0  fpclassify.o(i.__ARM_fpclassify)
    i.__NVIC_SetPriority                     0x08003ad6   Section        0  stm32f1xx_hal_cortex.o(i.__NVIC_SetPriority)
    __NVIC_SetPriority                       0x08003ad7   Thumb Code    32  stm32f1xx_hal_cortex.o(i.__NVIC_SetPriority)
    i.__ieee754_rem_pio2                     0x08003af8   Section        0  rred.o(i.__ieee754_rem_pio2)
    i.__kernel_cos                           0x08003e80   Section        0  cos_i.o(i.__kernel_cos)
    i.__kernel_poly                          0x08003f7c   Section        0  poly.o(i.__kernel_poly)
    i.__kernel_sin                           0x08004028   Section        0  sin_i.o(i.__kernel_sin)
    i.__mathlib_dbl_infnan                   0x08004114   Section        0  dunder.o(i.__mathlib_dbl_infnan)
    i.__mathlib_dbl_invalid                  0x0800411a   Section        0  dunder.o(i.__mathlib_dbl_invalid)
    i.__mathlib_dbl_underflow                0x08004128   Section        0  dunder.o(i.__mathlib_dbl_underflow)
    i.__scatterload_copy                     0x08004138   Section       14  handlers.o(i.__scatterload_copy)
    i.__scatterload_null                     0x08004146   Section        2  handlers.o(i.__scatterload_null)
    i.__scatterload_zeroinit                 0x08004148   Section       14  handlers.o(i.__scatterload_zeroinit)
    i.__set_errno                            0x08004158   Section        0  errno.o(i.__set_errno)
    i.bldc_motor_durdur                      0x08004164   Section        0  surus.o(i.bldc_motor_durdur)
    i.cos                                    0x08004198   Section        0  cos.o(i.cos)
    i.direksiyon_kur                         0x08004234   Section        0  surus.o(i.direksiyon_kur)
    i.esikSetleme                            0x08004244   Section        0  ats.o(i.esikSetleme)
    i.fren_durum_kontrol                     0x0800427c   Section        0  surus.o(i.fren_durum_kontrol)
    i.frenleme                               0x080042cc   Section        0  surus.o(i.frenleme)
    i.main                                   0x08004338   Section        0  main.o(i.main)
    i.motorlariDurdur                        0x08004558   Section        0  suruslite.o(i.motorlariDurdur)
    i.motorlariSur                           0x08004594   Section        0  suruslite.o(i.motorlariSur)
    i.paket_dogrula                          0x08004708   Section        0  xbee.o(i.paket_dogrula)
    i.sayacGet                               0x08004770   Section        0  ats.o(i.sayacGet)
    i.sayacReset                             0x0800477c   Section        0  ats.o(i.sayacReset)
    i.surusLite                              0x080047b4   Section        0  suruslite.o(i.surusLite)
    i.veri_alma_baslat_it                    0x080047e4   Section        0  xbee.o(i.veri_alma_baslat_it)
    i.xbee                                   0x08004814   Section        0  xbee.o(i.xbee)
    i.xbee_gonder                            0x0800487c   Section        0  xbee.o(i.xbee_gonder)
    i.xbee_uart_sifirlama                    0x080048a4   Section        0  xbee.o(i.xbee_uart_sifirlama)
    .constdata                               0x080048c0   Section       16  system_stm32f1xx.o(.constdata)
    .constdata                               0x080048d0   Section        8  system_stm32f1xx.o(.constdata)
    .constdata                               0x080048d8   Section       48  cos_i.o(.constdata)
    C                                        0x080048d8   Data          48  cos_i.o(.constdata)
    .constdata                               0x08004908   Section      200  rred.o(.constdata)
    pio2s                                    0x08004908   Data          48  rred.o(.constdata)
    twooverpi                                0x08004938   Data         152  rred.o(.constdata)
    .constdata                               0x080049d0   Section       40  sin_i.o(.constdata)
    S                                        0x080049d0   Data          40  sin_i.o(.constdata)
    .data                                    0x20000000   Section       24  surus.o(.data)
    .data                                    0x20000018   Section        4  surus.o(.data)
    .data                                    0x2000001c   Section        4  surus.o(.data)
    .data                                    0x20000020   Section       18  xbee.o(.data)
    .data                                    0x20000034   Section        8  stm32f1xx_it.o(.data)
    .data                                    0x2000003c   Section       22  ats.o(.data)
    .data                                    0x20000054   Section        4  suruslite.o(.data)
    .data                                    0x20000058   Section       24  suruslite.o(.data)
    .data                                    0x20000070   Section       12  stm32f1xx_hal.o(.data)
    .data                                    0x2000007c   Section        4  system_stm32f1xx.o(.data)
    .data                                    0x20000080   Section        4  errno.o(.data)
    _errno                                   0x20000080   Data           4  errno.o(.data)
    .bss                                     0x20000084   Section      600  main.o(.bss)
    STACK                                    0x200002e0   Section     1024  startup_stm32f103xb.o(STACK)

    Global Symbols

    Symbol Name                              Value     Ov Type        Size  Object(Section)

    BuildAttributes$$THM_ISAv4$P$D$K$B$S$PE$A:L22UL41UL21$X:L11$S22US41US21$IEEE1$IW$USESV6$~STKCKD$USESV7$~SHL$OTIME$ROPI$IEEEX$EBA8$MICROLIB$REQ8$PRES8$EABIv2 0x00000000   Number         0  anon$$obj.o ABSOLUTE
    __ARM_use_no_argv                        0x00000000   Number         0  main.o ABSOLUTE
    __cpp_initialize__aeabi_                  - Undefined Weak Reference
    __cxa_finalize                            - Undefined Weak Reference
    __decompress                              - Undefined Weak Reference
    _clock_init                               - Undefined Weak Reference
    _microlib_exit                            - Undefined Weak Reference
    __Vectors_Size                           0x000000ec   Number         0  startup_stm32f103xb.o ABSOLUTE
    __Vectors                                0x08000000   Data           4  startup_stm32f103xb.o(RESET)
    __Vectors_End                            0x080000ec   Data           0  startup_stm32f103xb.o(RESET)
    __main                                   0x080000ed   Thumb Code     0  entry.o(.ARM.Collect$$$$00000000)
    _main_stk                                0x080000ed   Thumb Code     0  entry2.o(.ARM.Collect$$$$00000001)
    _main_scatterload                        0x080000f1   Thumb Code     0  entry5.o(.ARM.Collect$$$$00000004)
    __main_after_scatterload                 0x080000f5   Thumb Code     0  entry5.o(.ARM.Collect$$$$00000004)
    _main_clock                              0x080000f5   Thumb Code     0  entry7b.o(.ARM.Collect$$$$00000008)
    _main_cpp_init                           0x080000f5   Thumb Code     0  entry8b.o(.ARM.Collect$$$$0000000A)
    _main_init                               0x080000f5   Thumb Code     0  entry9a.o(.ARM.Collect$$$$0000000B)
    __rt_final_cpp                           0x080000fd   Thumb Code     0  entry10a.o(.ARM.Collect$$$$0000000D)
    __rt_final_exit                          0x080000fd   Thumb Code     0  entry11a.o(.ARM.Collect$$$$0000000F)
    Reset_Handler                            0x08000101   Thumb Code     8  startup_stm32f103xb.o(.text)
    CAN1_RX1_IRQHandler                      0x0800011b   Thumb Code     0  startup_stm32f103xb.o(.text)
    CAN1_SCE_IRQHandler                      0x0800011b   Thumb Code     0  startup_stm32f103xb.o(.text)
    DMA1_Channel1_IRQHandler                 0x0800011b   Thumb Code     0  startup_stm32f103xb.o(.text)
    DMA1_Channel2_IRQHandler                 0x0800011b   Thumb Code     0  startup_stm32f103xb.o(.text)
    DMA1_Channel3_IRQHandler                 0x0800011b   Thumb Code     0  startup_stm32f103xb.o(.text)
    DMA1_Channel4_IRQHandler                 0x0800011b   Thumb Code     0  startup_stm32f103xb.o(.text)
    DMA1_Channel5_IRQHandler                 0x0800011b   Thumb Code     0  startup_stm32f103xb.o(.text)
    DMA1_Channel6_IRQHandler                 0x0800011b   Thumb Code     0  startup_stm32f103xb.o(.text)
    DMA1_Channel7_IRQHandler                 0x0800011b   Thumb Code     0  startup_stm32f103xb.o(.text)
    FLASH_IRQHandler                         0x0800011b   Thumb Code     0  startup_stm32f103xb.o(.text)
    I2C2_ER_IRQHandler                       0x0800011b   Thumb Code     0  startup_stm32f103xb.o(.text)
    I2C2_EV_IRQHandler                       0x0800011b   Thumb Code     0  startup_stm32f103xb.o(.text)
    PVD_IRQHandler                           0x0800011b   Thumb Code     0  startup_stm32f103xb.o(.text)
    RCC_IRQHandler                           0x0800011b   Thumb Code     0  startup_stm32f103xb.o(.text)
    RTC_Alarm_IRQHandler                     0x0800011b   Thumb Code     0  startup_stm32f103xb.o(.text)
    RTC_IRQHandler                           0x0800011b   Thumb Code     0  startup_stm32f103xb.o(.text)
    SPI1_IRQHandler                          0x0800011b   Thumb Code     0  startup_stm32f103xb.o(.text)
    SPI2_IRQHandler                          0x0800011b   Thumb Code     0  startup_stm32f103xb.o(.text)
    TAMPER_IRQHandler                        0x0800011b   Thumb Code     0  startup_stm32f103xb.o(.text)
    TIM1_BRK_IRQHandler                      0x0800011b   Thumb Code     0  startup_stm32f103xb.o(.text)
    TIM1_CC_IRQHandler                       0x0800011b   Thumb Code     0  startup_stm32f103xb.o(.text)
    TIM1_TRG_COM_IRQHandler                  0x0800011b   Thumb Code     0  startup_stm32f103xb.o(.text)
    USBWakeUp_IRQHandler                     0x0800011b   Thumb Code     0  startup_stm32f103xb.o(.text)
    USB_HP_CAN1_TX_IRQHandler                0x0800011b   Thumb Code     0  startup_stm32f103xb.o(.text)
    USB_LP_CAN1_RX0_IRQHandler               0x0800011b   Thumb Code     0  startup_stm32f103xb.o(.text)
    WWDG_IRQHandler                          0x0800011b   Thumb Code     0  startup_stm32f103xb.o(.text)
    __aeabi_llsr                             0x08000125   Thumb Code    32  llushr.o(.text)
    _ll_ushift_r                             0x08000125   Thumb Code     0  llushr.o(.text)
    __aeabi_memset                           0x08000145   Thumb Code    14  memseta.o(.text)
    __aeabi_memset4                          0x08000145   Thumb Code     0  memseta.o(.text)
    __aeabi_memset8                          0x08000145   Thumb Code     0  memseta.o(.text)
    __aeabi_memclr                           0x08000153   Thumb Code     4  memseta.o(.text)
    __aeabi_memclr4                          0x08000153   Thumb Code     0  memseta.o(.text)
    __aeabi_memclr8                          0x08000153   Thumb Code     0  memseta.o(.text)
    _memset$wrapper                          0x08000157   Thumb Code    18  memseta.o(.text)
    __aeabi_dadd                             0x08000169   Thumb Code   322  dadd.o(.text)
    __aeabi_dsub                             0x080002ab   Thumb Code     6  dadd.o(.text)
    __aeabi_drsub                            0x080002b1   Thumb Code     6  dadd.o(.text)
    __aeabi_dmul                             0x080002b7   Thumb Code   228  dmul.o(.text)
    __aeabi_ddiv                             0x0800039b   Thumb Code   222  ddiv.o(.text)
    __aeabi_i2d                              0x08000479   Thumb Code    34  dflti.o(.text)
    __aeabi_d2iz                             0x0800049b   Thumb Code    62  dfixi.o(.text)
    __aeabi_llsl                             0x080004d9   Thumb Code    30  llshl.o(.text)
    _ll_shift_l                              0x080004d9   Thumb Code     0  llshl.o(.text)
    __aeabi_lasr                             0x080004f7   Thumb Code    36  llsshr.o(.text)
    _ll_sshift_r                             0x080004f7   Thumb Code     0  llsshr.o(.text)
    __I$use$fp                               0x0800051b   Thumb Code     0  iusefp.o(.text)
    _double_round                            0x0800051b   Thumb Code    30  depilogue.o(.text)
    _double_epilogue                         0x08000539   Thumb Code   156  depilogue.o(.text)
    __scatterload                            0x080005d5   Thumb Code    28  init.o(.text)
    __scatterload_rt2                        0x080005d5   Thumb Code     0  init.o(.text)
    __ARM_scalbn                             0x080005f9   Thumb Code    46  dscalb.o(.text)
    scalbn                                   0x080005f9   Thumb Code     0  dscalb.o(.text)
    __aeabi_ui2d                             0x08000627   Thumb Code    26  dfltui.o(.text)
    ADC1_2_IRQHandler                        0x08000641   Thumb Code     6  stm32f1xx_it.o(i.ADC1_2_IRQHandler)
    ADC_ConversionStop_Disable               0x0800064d   Thumb Code    76  stm32f1xx_hal_adc.o(i.ADC_ConversionStop_Disable)
    AtsMkninit                               0x08000699   Thumb Code    36  ats.o(i.AtsMkninit)
    BusFault_Handler                         0x080006c1   Thumb Code     2  stm32f1xx_it.o(i.BusFault_Handler)
    DebugMon_Handler                         0x080006c3   Thumb Code     2  stm32f1xx_it.o(i.DebugMon_Handler)
    EXTI0_IRQHandler                         0x080006c5   Thumb Code   134  stm32f1xx_it.o(i.EXTI0_IRQHandler)
    EXTI15_10_IRQHandler                     0x08000771   Thumb Code    46  stm32f1xx_it.o(i.EXTI15_10_IRQHandler)
    EXTI1_IRQHandler                         0x080007a5   Thumb Code     6  stm32f1xx_it.o(i.EXTI1_IRQHandler)
    EXTI2_IRQHandler                         0x080007ab   Thumb Code     6  stm32f1xx_it.o(i.EXTI2_IRQHandler)
    EXTI3_IRQHandler                         0x080007b1   Thumb Code    50  stm32f1xx_it.o(i.EXTI3_IRQHandler)
    EXTI4_IRQHandler                         0x080007fd   Thumb Code    40  stm32f1xx_it.o(i.EXTI4_IRQHandler)
    EXTI9_5_IRQHandler                       0x08000839   Thumb Code   102  stm32f1xx_it.o(i.EXTI9_5_IRQHandler)
    Error_Handler                            0x080008bd   Thumb Code     2  main.o(i.Error_Handler)
    HAL_ADCEx_InjectedConvCpltCallback       0x080008bf   Thumb Code     2  stm32f1xx_hal_adc_ex.o(i.HAL_ADCEx_InjectedConvCpltCallback)
    HAL_ADC_ConfigChannel                    0x080008c1   Thumb Code   240  stm32f1xx_hal_adc.o(i.HAL_ADC_ConfigChannel)
    HAL_ADC_ConvCpltCallback                 0x080009bd   Thumb Code     2  stm32f1xx_hal_adc.o(i.HAL_ADC_ConvCpltCallback)
    HAL_ADC_IRQHandler                       0x080009bf   Thumb Code   230  stm32f1xx_hal_adc.o(i.HAL_ADC_IRQHandler)
    HAL_ADC_Init                             0x08000aa5   Thumb Code   272  stm32f1xx_hal_adc.o(i.HAL_ADC_Init)
    HAL_ADC_LevelOutOfWindowCallback         0x08000bc1   Thumb Code     2  stm32f1xx_hal_adc.o(i.HAL_ADC_LevelOutOfWindowCallback)
    HAL_ADC_MspInit                          0x08000bc5   Thumb Code    92  stm32f1xx_hal_msp.o(i.HAL_ADC_MspInit)
    HAL_DMA_Abort_IT                         0x08000c2d   Thumb Code   148  stm32f1xx_hal_dma.o(i.HAL_DMA_Abort_IT)
    HAL_DMA_GetState                         0x08000cc5   Thumb Code     6  stm32f1xx_hal_dma.o(i.HAL_DMA_GetState)
    HAL_GPIO_EXTI_Callback                   0x08000ccb   Thumb Code     2  stm32f1xx_hal_gpio.o(i.HAL_GPIO_EXTI_Callback)
    HAL_GPIO_EXTI_IRQHandler                 0x08000ccd   Thumb Code    18  stm32f1xx_hal_gpio.o(i.HAL_GPIO_EXTI_IRQHandler)
    HAL_GPIO_Init                            0x08000ce5   Thumb Code   446  stm32f1xx_hal_gpio.o(i.HAL_GPIO_Init)
    HAL_GPIO_WritePin                        0x08000ec5   Thumb Code    10  stm32f1xx_hal_gpio.o(i.HAL_GPIO_WritePin)
    HAL_GetTick                              0x08000ed1   Thumb Code     6  stm32f1xx_hal.o(i.HAL_GetTick)
    HAL_I2C_AbortCpltCallback                0x08000edd   Thumb Code     2  stm32f1xx_hal_i2c.o(i.HAL_I2C_AbortCpltCallback)
    HAL_I2C_AddrCallback                     0x08000edf   Thumb Code     2  stm32f1xx_hal_i2c.o(i.HAL_I2C_AddrCallback)
    HAL_I2C_ER_IRQHandler                    0x08000ee1   Thumb Code   196  stm32f1xx_hal_i2c.o(i.HAL_I2C_ER_IRQHandler)
    HAL_I2C_EV_IRQHandler                    0x08000fa5   Thumb Code   602  stm32f1xx_hal_i2c.o(i.HAL_I2C_EV_IRQHandler)
    HAL_I2C_ErrorCallback                    0x080011ff   Thumb Code     2  stm32f1xx_hal_i2c.o(i.HAL_I2C_ErrorCallback)
    HAL_I2C_Init                             0x08001201   Thumb Code   356  stm32f1xx_hal_i2c.o(i.HAL_I2C_Init)
    HAL_I2C_ListenCpltCallback               0x08001375   Thumb Code     2  stm32f1xx_hal_i2c.o(i.HAL_I2C_ListenCpltCallback)
    HAL_I2C_MasterRxCpltCallback             0x08001379   Thumb Code   122  ats.o(i.HAL_I2C_MasterRxCpltCallback)
    HAL_I2C_MasterTxCpltCallback             0x080013f9   Thumb Code    70  ats.o(i.HAL_I2C_MasterTxCpltCallback)
    HAL_I2C_Master_Receive_IT                0x08001445   Thumb Code   190  stm32f1xx_hal_i2c.o(i.HAL_I2C_Master_Receive_IT)
    HAL_I2C_Master_Transmit_IT               0x0800150d   Thumb Code   180  stm32f1xx_hal_i2c.o(i.HAL_I2C_Master_Transmit_IT)
    HAL_I2C_MemRxCpltCallback                0x080015c9   Thumb Code     2  stm32f1xx_hal_i2c.o(i.HAL_I2C_MemRxCpltCallback)
    HAL_I2C_MemTxCpltCallback                0x080015cb   Thumb Code     2  stm32f1xx_hal_i2c.o(i.HAL_I2C_MemTxCpltCallback)
    HAL_I2C_MspInit                          0x080015cd   Thumb Code   128  stm32f1xx_hal_msp.o(i.HAL_I2C_MspInit)
    HAL_I2C_SlaveRxCpltCallback              0x0800165d   Thumb Code     2  stm32f1xx_hal_i2c.o(i.HAL_I2C_SlaveRxCpltCallback)
    HAL_I2C_SlaveTxCpltCallback              0x0800165f   Thumb Code     2  stm32f1xx_hal_i2c.o(i.HAL_I2C_SlaveTxCpltCallback)
    HAL_IncTick                              0x08001661   Thumb Code    12  stm32f1xx_hal.o(i.HAL_IncTick)
    HAL_Init                                 0x08001671   Thumb Code    32  stm32f1xx_hal.o(i.HAL_Init)
    HAL_InitTick                             0x08001695   Thumb Code    54  stm32f1xx_hal.o(i.HAL_InitTick)
    HAL_MspInit                              0x080016d5   Thumb Code    52  stm32f1xx_hal_msp.o(i.HAL_MspInit)
    HAL_NVIC_EnableIRQ                       0x08001711   Thumb Code    26  stm32f1xx_hal_cortex.o(i.HAL_NVIC_EnableIRQ)
    HAL_NVIC_SetPriority                     0x0800172d   Thumb Code    60  stm32f1xx_hal_cortex.o(i.HAL_NVIC_SetPriority)
    HAL_NVIC_SetPriorityGrouping             0x0800176d   Thumb Code    26  stm32f1xx_hal_cortex.o(i.HAL_NVIC_SetPriorityGrouping)
    HAL_PWR_EnableBkUpAccess                 0x08001791   Thumb Code     8  stm32f1xx_hal_pwr.o(i.HAL_PWR_EnableBkUpAccess)
    HAL_RCCEx_GetPeriphCLKFreq               0x0800179d   Thumb Code   166  stm32f1xx_hal_rcc_ex.o(i.HAL_RCCEx_GetPeriphCLKFreq)
    HAL_RCCEx_PeriphCLKConfig                0x08001865   Thumb Code   224  stm32f1xx_hal_rcc_ex.o(i.HAL_RCCEx_PeriphCLKConfig)
    HAL_RCC_ClockConfig                      0x08001951   Thumb Code   280  stm32f1xx_hal_rcc.o(i.HAL_RCC_ClockConfig)
    HAL_RCC_GetPCLK1Freq                     0x08001a7d   Thumb Code    20  stm32f1xx_hal_rcc.o(i.HAL_RCC_GetPCLK1Freq)
    HAL_RCC_GetPCLK2Freq                     0x08001a9d   Thumb Code    20  stm32f1xx_hal_rcc.o(i.HAL_RCC_GetPCLK2Freq)
    HAL_RCC_GetSysClockFreq                  0x08001abd   Thumb Code    74  stm32f1xx_hal_rcc.o(i.HAL_RCC_GetSysClockFreq)
    HAL_RCC_OscConfig                        0x08001b29   Thumb Code   778  stm32f1xx_hal_rcc.o(i.HAL_RCC_OscConfig)
    HAL_RTC_Init                             0x08001e49   Thumb Code   154  stm32f1xx_hal_rtc.o(i.HAL_RTC_Init)
    HAL_RTC_MspInit                          0x08001ee9   Thumb Code    40  stm32f1xx_hal_msp.o(i.HAL_RTC_MspInit)
    HAL_RTC_WaitForSynchro                   0x08001f1d   Thumb Code    58  stm32f1xx_hal_rtc.o(i.HAL_RTC_WaitForSynchro)
    HAL_SYSTICK_Config                       0x08001f57   Thumb Code    40  stm32f1xx_hal_cortex.o(i.HAL_SYSTICK_Config)
    HAL_TIMEx_BreakCallback                  0x08001f7f   Thumb Code     2  stm32f1xx_hal_tim_ex.o(i.HAL_TIMEx_BreakCallback)
    HAL_TIMEx_CommutCallback                 0x08001f81   Thumb Code     2  stm32f1xx_hal_tim_ex.o(i.HAL_TIMEx_CommutCallback)
    HAL_TIMEx_MasterConfigSynchronization    0x08001f83   Thumb Code    66  stm32f1xx_hal_tim_ex.o(i.HAL_TIMEx_MasterConfigSynchronization)
    HAL_TIM_Base_Init                        0x08001fc5   Thumb Code    54  stm32f1xx_hal_tim.o(i.HAL_TIM_Base_Init)
    HAL_TIM_Base_MspInit                     0x08001ffd   Thumb Code   158  stm32f1xx_hal_msp.o(i.HAL_TIM_Base_MspInit)
    HAL_TIM_ConfigClockSource                0x080020ad   Thumb Code   214  stm32f1xx_hal_tim.o(i.HAL_TIM_ConfigClockSource)
    HAL_TIM_IC_CaptureCallback               0x08002183   Thumb Code     2  stm32f1xx_hal_tim.o(i.HAL_TIM_IC_CaptureCallback)
    HAL_TIM_IRQHandler                       0x08002185   Thumb Code   358  stm32f1xx_hal_tim.o(i.HAL_TIM_IRQHandler)
    HAL_TIM_MspPostInit                      0x080022ed   Thumb Code    82  stm32f1xx_hal_msp.o(i.HAL_TIM_MspPostInit)
    HAL_TIM_OC_DelayElapsedCallback          0x08002351   Thumb Code     2  stm32f1xx_hal_tim.o(i.HAL_TIM_OC_DelayElapsedCallback)
    HAL_TIM_PWM_ConfigChannel                0x08002353   Thumb Code   208  stm32f1xx_hal_tim.o(i.HAL_TIM_PWM_ConfigChannel)
    HAL_TIM_PWM_Init                         0x08002423   Thumb Code    54  stm32f1xx_hal_tim.o(i.HAL_TIM_PWM_Init)
    HAL_TIM_PWM_MspInit                      0x08002459   Thumb Code     2  stm32f1xx_hal_tim.o(i.HAL_TIM_PWM_MspInit)
    HAL_TIM_PWM_PulseFinishedCallback        0x0800245b   Thumb Code     2  stm32f1xx_hal_tim.o(i.HAL_TIM_PWM_PulseFinishedCallback)
    HAL_TIM_PeriodElapsedCallback            0x0800245d   Thumb Code     2  stm32f1xx_hal_tim.o(i.HAL_TIM_PeriodElapsedCallback)
    HAL_TIM_TriggerCallback                  0x0800245f   Thumb Code     2  stm32f1xx_hal_tim.o(i.HAL_TIM_TriggerCallback)
    HAL_UART_ErrorCallback                   0x08002461   Thumb Code     2  stm32f1xx_hal_uart.o(i.HAL_UART_ErrorCallback)
    HAL_UART_IRQHandler                      0x08002465   Thumb Code   266  stm32f1xx_hal_uart.o(i.HAL_UART_IRQHandler)
    HAL_UART_Init                            0x08002575   Thumb Code    98  stm32f1xx_hal_uart.o(i.HAL_UART_Init)
    HAL_UART_MspInit                         0x080025d9   Thumb Code   280  stm32f1xx_hal_msp.o(i.HAL_UART_MspInit)
    HAL_UART_Receive_IT                      0x0800270d   Thumb Code    82  stm32f1xx_hal_uart.o(i.HAL_UART_Receive_IT)
    HAL_UART_RxCpltCallback                  0x0800275f   Thumb Code     2  stm32f1xx_hal_uart.o(i.HAL_UART_RxCpltCallback)
    HAL_UART_Transmit_IT                     0x08002761   Thumb Code    62  stm32f1xx_hal_uart.o(i.HAL_UART_Transmit_IT)
    HAL_UART_TxCpltCallback                  0x0800279f   Thumb Code     2  stm32f1xx_hal_uart.o(i.HAL_UART_TxCpltCallback)
    HardFault_Handler                        0x080027a1   Thumb Code     2  stm32f1xx_it.o(i.HardFault_Handler)
    I2C1_ER_IRQHandler                       0x080027a5   Thumb Code     6  stm32f1xx_it.o(i.I2C1_ER_IRQHandler)
    I2C1_EV_IRQHandler                       0x080027b1   Thumb Code     6  stm32f1xx_it.o(i.I2C1_EV_IRQHandler)
    MemManage_Handler                        0x080033b9   Thumb Code     2  stm32f1xx_it.o(i.MemManage_Handler)
    NMI_Handler                              0x080033bb   Thumb Code     2  stm32f1xx_it.o(i.NMI_Handler)
    PendSV_Handler                           0x080033bd   Thumb Code     2  stm32f1xx_it.o(i.PendSV_Handler)
    SVC_Handler                              0x0800342b   Thumb Code     2  stm32f1xx_it.o(i.SVC_Handler)
    SysTick_Handler                          0x0800342d   Thumb Code     4  stm32f1xx_it.o(i.SysTick_Handler)
    SystemClock_Config                       0x08003431   Thumb Code   108  main.o(i.SystemClock_Config)
    SystemInit                               0x0800349d   Thumb Code    56  system_stm32f1xx.o(i.SystemInit)
    TIM1_UP_IRQHandler                       0x080034e5   Thumb Code    16  stm32f1xx_it.o(i.TIM1_UP_IRQHandler)
    TIM2_IRQHandler                          0x080034fd   Thumb Code   188  stm32f1xx_it.o(i.TIM2_IRQHandler)
    TIM3_IRQHandler                          0x080035f1   Thumb Code     6  stm32f1xx_it.o(i.TIM3_IRQHandler)
    TIM4_IRQHandler                          0x080035fd   Thumb Code    22  stm32f1xx_it.o(i.TIM4_IRQHandler)
    TIM_Base_SetConfig                       0x08003621   Thumb Code    94  stm32f1xx_hal_tim.o(i.TIM_Base_SetConfig)
    TIM_ETR_SetConfig                        0x0800368d   Thumb Code    20  stm32f1xx_hal_tim.o(i.TIM_ETR_SetConfig)
    TIM_OC2_SetConfig                        0x08003701   Thumb Code    84  stm32f1xx_hal_tim.o(i.TIM_OC2_SetConfig)
    USART1_IRQHandler                        0x08003a19   Thumb Code    58  stm32f1xx_it.o(i.USART1_IRQHandler)
    USART2_IRQHandler                        0x08003a65   Thumb Code     6  stm32f1xx_it.o(i.USART2_IRQHandler)
    USART3_IRQHandler                        0x08003a71   Thumb Code    42  stm32f1xx_it.o(i.USART3_IRQHandler)
    UsageFault_Handler                       0x08003aad   Thumb Code     2  stm32f1xx_it.o(i.UsageFault_Handler)
    __ARM_fpclassify                         0x08003aaf   Thumb Code    40  fpclassify.o(i.__ARM_fpclassify)
    __ieee754_rem_pio2                       0x08003af9   Thumb Code   828  rred.o(i.__ieee754_rem_pio2)
    __kernel_cos                             0x08003e81   Thumb Code   230  cos_i.o(i.__kernel_cos)
    __kernel_poly                            0x08003f7d   Thumb Code   170  poly.o(i.__kernel_poly)
    __kernel_sin                             0x08004029   Thumb Code   224  sin_i.o(i.__kernel_sin)
    __mathlib_dbl_infnan                     0x08004115   Thumb Code     6  dunder.o(i.__mathlib_dbl_infnan)
    __mathlib_dbl_invalid                    0x0800411b   Thumb Code    12  dunder.o(i.__mathlib_dbl_invalid)
    __mathlib_dbl_underflow                  0x08004129   Thumb Code    10  dunder.o(i.__mathlib_dbl_underflow)
    __scatterload_copy                       0x08004139   Thumb Code    14  handlers.o(i.__scatterload_copy)
    __scatterload_null                       0x08004147   Thumb Code     2  handlers.o(i.__scatterload_null)
    __scatterload_zeroinit                   0x08004149   Thumb Code    14  handlers.o(i.__scatterload_zeroinit)
    __set_errno                              0x08004159   Thumb Code     6  errno.o(i.__set_errno)
    bldc_motor_durdur                        0x08004165   Thumb Code    44  surus.o(i.bldc_motor_durdur)
    cos                                      0x08004199   Thumb Code   148  cos.o(i.cos)
    direksiyon_kur                           0x08004235   Thumb Code    10  surus.o(i.direksiyon_kur)
    esikSetleme                              0x08004245   Thumb Code    46  ats.o(i.esikSetleme)
    fren_durum_kontrol                       0x0800427d   Thumb Code    66  surus.o(i.fren_durum_kontrol)
    frenleme                                 0x080042cd   Thumb Code    96  surus.o(i.frenleme)
    main                                     0x08004339   Thumb Code   480  main.o(i.main)
    motorlariDurdur                          0x08004559   Thumb Code    46  suruslite.o(i.motorlariDurdur)
    motorlariSur                             0x08004595   Thumb Code   352  suruslite.o(i.motorlariSur)
    paket_dogrula                            0x08004709   Thumb Code    92  xbee.o(i.paket_dogrula)
    sayacGet                                 0x08004771   Thumb Code     6  ats.o(i.sayacGet)
    sayacReset                               0x0800477d   Thumb Code    48  ats.o(i.sayacReset)
    surusLite                                0x080047b5   Thumb Code    42  suruslite.o(i.surusLite)
    veri_alma_baslat_it                      0x080047e5   Thumb Code    38  xbee.o(i.veri_alma_baslat_it)
    xbee                                     0x08004815   Thumb Code    90  xbee.o(i.xbee)
    xbee_gonder                              0x0800487d   Thumb Code    30  xbee.o(i.xbee_gonder)
    xbee_uart_sifirlama                      0x080048a5   Thumb Code    24  xbee.o(i.xbee_uart_sifirlama)
    AHBPrescTable                            0x080048c0   Data          16  system_stm32f1xx.o(.constdata)
    APBPrescTable                            0x080048d0   Data           8  system_stm32f1xx.o(.constdata)
    Region$$Table$$Base                      0x080049f8   Number         0  anon$$obj.o(Region$$Table)
    Region$$Table$$Limit                     0x08004a18   Number         0  anon$$obj.o(Region$$Table)
    fren_son_durum                           0x20000000   Data           1  surus.o(.data)
    istenilen_hiz                            0x20000001   Data           1  surus.o(.data)
    BLDC_pwm                                 0x20000002   Data           1  surus.o(.data)
    fren_veri_sayisi                         0x20000003   Data           1  surus.o(.data)
    fren_istenilen                           0x20000004   Data           1  surus.o(.data)
    uart3_kuyruk_ekle                        0x20000005   Data           1  surus.o(.data)
    surus_yonu                               0x20000006   Data           1  surus.o(.data)
    BLDC_yonu                                0x20000007   Data           1  surus.o(.data)
    fren_sag_durum                           0x20000008   Data           1  surus.o(.data)
    fren_sol_durum                           0x20000009   Data           1  surus.o(.data)
    fren_veri                                0x2000000a   Data           2  surus.o(.data)
    gecen_zaman                              0x2000000c   Data           4  surus.o(.data)
    BLDC_RPM                                 0x20000010   Data           4  surus.o(.data)
    direksiyon_istenilen                     0x20000014   Data           4  surus.o(.data)
    BLDC_RPM_sayac                           0x20000018   Data           4  surus.o(.data)
    degisken                                 0x2000001c   Data           4  surus.o(.data)
    xbee_tampon_durumu                       0x20000020   Data           1  xbee.o(.data)
    yeni_paket_var                           0x20000021   Data           1  xbee.o(.data)
    veri_alma_basladimi                      0x20000022   Data           1  xbee.o(.data)
    xbee_tx_tamponu                          0x20000023   Data           1  xbee.o(.data)
    time_out_baslangic                       0x20000024   Data           4  xbee.o(.data)
    time_out_bitis                           0x20000028   Data           4  xbee.o(.data)
    xbee_veri_tamponu                        0x2000002c   Data           6  xbee.o(.data)
    kesmesayac                               0x20000034   Data           4  stm32f1xx_it.o(.data)
    hal_kontrol                              0x20000038   Data           4  stm32f1xx_it.o(.data)
    sayac                                    0x2000003c   Data           1  ats.o(.data)
    vurulmaEsigi                             0x2000003d   Data           1  ats.o(.data)
    birOncekiSayac                           0x2000003e   Data           1  ats.o(.data)
    sayacResetReceiveSecim                   0x2000003f   Data           1  ats.o(.data)
    ResetOnayDonus                           0x20000040   Data           1  ats.o(.data)
    ResetOnayReturn                          0x20000041   Data           1  ats.o(.data)
    MankenDurum                              0x20000042   Data           1  ats.o(.data)
    esikSetReceiveSecim                      0x20000043   Data           1  ats.o(.data)
    setOnayDonus                             0x20000044   Data           1  ats.o(.data)
    setOnayReturn                            0x20000045   Data           1  ats.o(.data)
    sendDataAts                              0x20000046   Data           2  ats.o(.data)
    receiveDataAts                           0x20000048   Data           2  ats.o(.data)
    devAdressAts                             0x2000004a   Data           2  ats.o(.data)
    receiveDataMkn                           0x2000004c   Data           2  ats.o(.data)
    devAdressMkn                             0x2000004e   Data           2  ats.o(.data)
    devAdressControl                         0x20000050   Data           2  ats.o(.data)
    aracLite_durdurma_sayac                  0x20000054   Data           4  suruslite.o(.data)
    solTekerPwm                              0x20000058   Data           1  suruslite.o(.data)
    sagTekerPwm                              0x20000059   Data           1  suruslite.o(.data)
    sag_surus_yonu                           0x2000005a   Data           1  suruslite.o(.data)
    sol_surus_yonu                           0x2000005b   Data           1  suruslite.o(.data)
    istenilen_solTekerHiz                    0x2000005c   Data           1  suruslite.o(.data)
    istenilen_sagTekerHiz                    0x2000005d   Data           1  suruslite.o(.data)
    gelenHiz                                 0x20000060   Data           4  suruslite.o(.data)
    gelenYon                                 0x20000064   Data           4  suruslite.o(.data)
    solTekerHiz                              0x20000068   Data           4  suruslite.o(.data)
    sagTekerHiz                              0x2000006c   Data           4  suruslite.o(.data)
    uwTickFreq                               0x20000070   Data           1  stm32f1xx_hal.o(.data)
    uwTickPrio                               0x20000074   Data           4  stm32f1xx_hal.o(.data)
    uwTick                                   0x20000078   Data           4  stm32f1xx_hal.o(.data)
    SystemCoreClock                          0x2000007c   Data           4  system_stm32f1xx.o(.data)
    hadc1                                    0x20000084   Data          48  main.o(.bss)
    hi2c1                                    0x200000b4   Data          84  main.o(.bss)
    hrtc                                     0x20000108   Data          20  main.o(.bss)
    htim1                                    0x2000011c   Data          64  main.o(.bss)
    htim2                                    0x2000015c   Data          64  main.o(.bss)
    htim3                                    0x2000019c   Data          64  main.o(.bss)
    htim4                                    0x200001dc   Data          64  main.o(.bss)
    huart1                                   0x2000021c   Data          64  main.o(.bss)
    huart2                                   0x2000025c   Data          64  main.o(.bss)
    huart3                                   0x2000029c   Data          64  main.o(.bss)
    __initial_sp                             0x200006e0   Data           0  startup_stm32f103xb.o(STACK)



==============================================================================

Memory Map of the image

  Image Entry point : 0x080000ed

  Load Region LR_IROM1 (Base: 0x08000000, Size: 0x00004a9c, Max: 0x00020000, ABSOLUTE)

    Execution Region ER_IROM1 (Exec base: 0x08000000, Load base: 0x08000000, Size: 0x00004a18, Max: 0x00020000, ABSOLUTE)

    Exec Addr    Load Addr    Size         Type   Attr      Idx    E Section Name        Object

    0x08000000   0x08000000   0x000000ec   Data   RO            3    RESET               startup_stm32f103xb.o
    0x080000ec   0x080000ec   0x00000000   Code   RO         4007  * .ARM.Collect$$$$00000000  mc_w.l(entry.o)
    0x080000ec   0x080000ec   0x00000004   Code   RO         4052    .ARM.Collect$$$$00000001  mc_w.l(entry2.o)
    0x080000f0   0x080000f0   0x00000004   Code   RO         4055    .ARM.Collect$$$$00000004  mc_w.l(entry5.o)
    0x080000f4   0x080000f4   0x00000000   Code   RO         4057    .ARM.Collect$$$$00000008  mc_w.l(entry7b.o)
    0x080000f4   0x080000f4   0x00000000   Code   RO         4059    .ARM.Collect$$$$0000000A  mc_w.l(entry8b.o)
    0x080000f4   0x080000f4   0x00000008   Code   RO         4060    .ARM.Collect$$$$0000000B  mc_w.l(entry9a.o)
    0x080000fc   0x080000fc   0x00000000   Code   RO         4062    .ARM.Collect$$$$0000000D  mc_w.l(entry10a.o)
    0x080000fc   0x080000fc   0x00000000   Code   RO         4064    .ARM.Collect$$$$0000000F  mc_w.l(entry11a.o)
    0x080000fc   0x080000fc   0x00000004   Code   RO         4053    .ARM.Collect$$$$00002712  mc_w.l(entry2.o)
    0x08000100   0x08000100   0x00000024   Code   RO            4    .text               startup_stm32f103xb.o
    0x08000124   0x08000124   0x00000020   Code   RO         4010    .text               mc_w.l(llushr.o)
    0x08000144   0x08000144   0x00000024   Code   RO         4012    .text               mc_w.l(memseta.o)
    0x08000168   0x08000168   0x0000014e   Code   RO         4014    .text               mf_w.l(dadd.o)
    0x080002b6   0x080002b6   0x000000e4   Code   RO         4016    .text               mf_w.l(dmul.o)
    0x0800039a   0x0800039a   0x000000de   Code   RO         4018    .text               mf_w.l(ddiv.o)
    0x08000478   0x08000478   0x00000022   Code   RO         4020    .text               mf_w.l(dflti.o)
    0x0800049a   0x0800049a   0x0000003e   Code   RO         4022    .text               mf_w.l(dfixi.o)
    0x080004d8   0x080004d8   0x0000001e   Code   RO         4066    .text               mc_w.l(llshl.o)
    0x080004f6   0x080004f6   0x00000024   Code   RO         4068    .text               mc_w.l(llsshr.o)
    0x0800051a   0x0800051a   0x00000000   Code   RO         4077    .text               mc_w.l(iusefp.o)
    0x0800051a   0x0800051a   0x000000ba   Code   RO         4078    .text               mf_w.l(depilogue.o)
    0x080005d4   0x080005d4   0x00000024   Code   RO         4084    .text               mc_w.l(init.o)
    0x080005f8   0x080005f8   0x0000002e   Code   RO         4086    .text               mf_w.l(dscalb.o)
    0x08000626   0x08000626   0x0000001a   Code   RO         4088    .text               mf_w.l(dfltui.o)
    0x08000640   0x08000640   0x0000000c   Code   RO          347    i.ADC1_2_IRQHandler  stm32f1xx_it.o
    0x0800064c   0x0800064c   0x0000004c   Code   RO          765    i.ADC_ConversionStop_Disable  stm32f1xx_hal_adc.o
    0x08000698   0x08000698   0x00000028   Code   RO          624    i.AtsMkninit        ats.o
    0x080006c0   0x080006c0   0x00000002   Code   RO          348    i.BusFault_Handler  stm32f1xx_it.o
    0x080006c2   0x080006c2   0x00000002   Code   RO          349    i.DebugMon_Handler  stm32f1xx_it.o
    0x080006c4   0x080006c4   0x000000ac   Code   RO          350    i.EXTI0_IRQHandler  stm32f1xx_it.o
    0x08000770   0x08000770   0x00000034   Code   RO          351    i.EXTI15_10_IRQHandler  stm32f1xx_it.o
    0x080007a4   0x080007a4   0x00000006   Code   RO          352    i.EXTI1_IRQHandler  stm32f1xx_it.o
    0x080007aa   0x080007aa   0x00000006   Code   RO          353    i.EXTI2_IRQHandler  stm32f1xx_it.o
    0x080007b0   0x080007b0   0x0000004c   Code   RO          354    i.EXTI3_IRQHandler  stm32f1xx_it.o
    0x080007fc   0x080007fc   0x0000003c   Code   RO          355    i.EXTI4_IRQHandler  stm32f1xx_it.o
    0x08000838   0x08000838   0x00000084   Code   RO          356    i.EXTI9_5_IRQHandler  stm32f1xx_it.o
    0x080008bc   0x080008bc   0x00000002   Code   RO          269    i.Error_Handler     main.o
    0x080008be   0x080008be   0x00000002   Code   RO          947    i.HAL_ADCEx_InjectedConvCpltCallback  stm32f1xx_hal_adc_ex.o
    0x080008c0   0x080008c0   0x000000fc   Code   RO          771    i.HAL_ADC_ConfigChannel  stm32f1xx_hal_adc.o
    0x080009bc   0x080009bc   0x00000002   Code   RO          772    i.HAL_ADC_ConvCpltCallback  stm32f1xx_hal_adc.o
    0x080009be   0x080009be   0x000000e6   Code   RO          779    i.HAL_ADC_IRQHandler  stm32f1xx_hal_adc.o
    0x08000aa4   0x08000aa4   0x0000011c   Code   RO          780    i.HAL_ADC_Init      stm32f1xx_hal_adc.o
    0x08000bc0   0x08000bc0   0x00000002   Code   RO          781    i.HAL_ADC_LevelOutOfWindowCallback  stm32f1xx_hal_adc.o
    0x08000bc2   0x08000bc2   0x00000002   PAD
    0x08000bc4   0x08000bc4   0x00000068   Code   RO          535    i.HAL_ADC_MspInit   stm32f1xx_hal_msp.o
    0x08000c2c   0x08000c2c   0x00000098   Code   RO         1421    i.HAL_DMA_Abort_IT  stm32f1xx_hal_dma.o
    0x08000cc4   0x08000cc4   0x00000006   Code   RO         1424    i.HAL_DMA_GetState  stm32f1xx_hal_dma.o
    0x08000cca   0x08000cca   0x00000002   Code   RO         1354    i.HAL_GPIO_EXTI_Callback  stm32f1xx_hal_gpio.o
    0x08000ccc   0x08000ccc   0x00000018   Code   RO         1355    i.HAL_GPIO_EXTI_IRQHandler  stm32f1xx_hal_gpio.o
    0x08000ce4   0x08000ce4   0x000001e0   Code   RO         1356    i.HAL_GPIO_Init     stm32f1xx_hal_gpio.o
    0x08000ec4   0x08000ec4   0x0000000a   Code   RO         1360    i.HAL_GPIO_WritePin  stm32f1xx_hal_gpio.o
    0x08000ece   0x08000ece   0x00000002   PAD
    0x08000ed0   0x08000ed0   0x0000000c   Code   RO         1052    i.HAL_GetTick       stm32f1xx_hal.o
    0x08000edc   0x08000edc   0x00000002   Code   RO         2016    i.HAL_I2C_AbortCpltCallback  stm32f1xx_hal_i2c.o
    0x08000ede   0x08000ede   0x00000002   Code   RO         2017    i.HAL_I2C_AddrCallback  stm32f1xx_hal_i2c.o
    0x08000ee0   0x08000ee0   0x000000c4   Code   RO         2020    i.HAL_I2C_ER_IRQHandler  stm32f1xx_hal_i2c.o
    0x08000fa4   0x08000fa4   0x0000025a   Code   RO         2021    i.HAL_I2C_EV_IRQHandler  stm32f1xx_hal_i2c.o
    0x080011fe   0x080011fe   0x00000002   Code   RO         2023    i.HAL_I2C_ErrorCallback  stm32f1xx_hal_i2c.o
    0x08001200   0x08001200   0x00000174   Code   RO         2027    i.HAL_I2C_Init      stm32f1xx_hal_i2c.o
    0x08001374   0x08001374   0x00000002   Code   RO         2029    i.HAL_I2C_ListenCpltCallback  stm32f1xx_hal_i2c.o
    0x08001376   0x08001376   0x00000002   PAD
    0x08001378   0x08001378   0x00000080   Code   RO          625    i.HAL_I2C_MasterRxCpltCallback  ats.o
    0x080013f8   0x080013f8   0x0000004c   Code   RO          626    i.HAL_I2C_MasterTxCpltCallback  ats.o
    0x08001444   0x08001444   0x000000c8   Code   RO         2035    i.HAL_I2C_Master_Receive_IT  stm32f1xx_hal_i2c.o
    0x0800150c   0x0800150c   0x000000bc   Code   RO         2042    i.HAL_I2C_Master_Transmit_IT  stm32f1xx_hal_i2c.o
    0x080015c8   0x080015c8   0x00000002   Code   RO         2043    i.HAL_I2C_MemRxCpltCallback  stm32f1xx_hal_i2c.o
    0x080015ca   0x080015ca   0x00000002   Code   RO         2044    i.HAL_I2C_MemTxCpltCallback  stm32f1xx_hal_i2c.o
    0x080015cc   0x080015cc   0x00000090   Code   RO          537    i.HAL_I2C_MspInit   stm32f1xx_hal_msp.o
    0x0800165c   0x0800165c   0x00000002   Code   RO         2053    i.HAL_I2C_SlaveRxCpltCallback  stm32f1xx_hal_i2c.o
    0x0800165e   0x0800165e   0x00000002   Code   RO         2054    i.HAL_I2C_SlaveTxCpltCallback  stm32f1xx_hal_i2c.o
    0x08001660   0x08001660   0x00000010   Code   RO         1058    i.HAL_IncTick       stm32f1xx_hal.o
    0x08001670   0x08001670   0x00000024   Code   RO         1059    i.HAL_Init          stm32f1xx_hal.o
    0x08001694   0x08001694   0x00000040   Code   RO         1060    i.HAL_InitTick      stm32f1xx_hal.o
    0x080016d4   0x080016d4   0x0000003c   Code   RO          538    i.HAL_MspInit       stm32f1xx_hal_msp.o
    0x08001710   0x08001710   0x0000001a   Code   RO         1516    i.HAL_NVIC_EnableIRQ  stm32f1xx_hal_cortex.o
    0x0800172a   0x0800172a   0x00000002   PAD
    0x0800172c   0x0800172c   0x00000040   Code   RO         1522    i.HAL_NVIC_SetPriority  stm32f1xx_hal_cortex.o
    0x0800176c   0x0800176c   0x00000024   Code   RO         1523    i.HAL_NVIC_SetPriorityGrouping  stm32f1xx_hal_cortex.o
    0x08001790   0x08001790   0x0000000c   Code   RO         1638    i.HAL_PWR_EnableBkUpAccess  stm32f1xx_hal_pwr.o
    0x0800179c   0x0800179c   0x000000c8   Code   RO         1318    i.HAL_RCCEx_GetPeriphCLKFreq  stm32f1xx_hal_rcc_ex.o
    0x08001864   0x08001864   0x000000ec   Code   RO         1319    i.HAL_RCCEx_PeriphCLKConfig  stm32f1xx_hal_rcc_ex.o
    0x08001950   0x08001950   0x0000012c   Code   RO         1216    i.HAL_RCC_ClockConfig  stm32f1xx_hal_rcc.o
    0x08001a7c   0x08001a7c   0x00000020   Code   RO         1223    i.HAL_RCC_GetPCLK1Freq  stm32f1xx_hal_rcc.o
    0x08001a9c   0x08001a9c   0x00000020   Code   RO         1224    i.HAL_RCC_GetPCLK2Freq  stm32f1xx_hal_rcc.o
    0x08001abc   0x08001abc   0x0000006c   Code   RO         1225    i.HAL_RCC_GetSysClockFreq  stm32f1xx_hal_rcc.o
    0x08001b28   0x08001b28   0x00000320   Code   RO         1228    i.HAL_RCC_OscConfig  stm32f1xx_hal_rcc.o
    0x08001e48   0x08001e48   0x000000a0   Code   RO         2446    i.HAL_RTC_Init      stm32f1xx_hal_rtc.o
    0x08001ee8   0x08001ee8   0x00000034   Code   RO          540    i.HAL_RTC_MspInit   stm32f1xx_hal_msp.o
    0x08001f1c   0x08001f1c   0x0000003a   Code   RO         2454    i.HAL_RTC_WaitForSynchro  stm32f1xx_hal_rtc.o
    0x08001f56   0x08001f56   0x00000028   Code   RO         1527    i.HAL_SYSTICK_Config  stm32f1xx_hal_cortex.o
    0x08001f7e   0x08001f7e   0x00000002   Code   RO         3387    i.HAL_TIMEx_BreakCallback  stm32f1xx_hal_tim_ex.o
    0x08001f80   0x08001f80   0x00000002   Code   RO         3388    i.HAL_TIMEx_CommutCallback  stm32f1xx_hal_tim_ex.o
    0x08001f82   0x08001f82   0x00000042   Code   RO         3405    i.HAL_TIMEx_MasterConfigSynchronization  stm32f1xx_hal_tim_ex.o
    0x08001fc4   0x08001fc4   0x00000036   Code   RO         2712    i.HAL_TIM_Base_Init  stm32f1xx_hal_tim.o
    0x08001ffa   0x08001ffa   0x00000002   PAD
    0x08001ffc   0x08001ffc   0x000000b0   Code   RO          542    i.HAL_TIM_Base_MspInit  stm32f1xx_hal_msp.o
    0x080020ac   0x080020ac   0x000000d6   Code   RO         2721    i.HAL_TIM_ConfigClockSource  stm32f1xx_hal_tim.o
    0x08002182   0x08002182   0x00000002   Code   RO         2741    i.HAL_TIM_IC_CaptureCallback  stm32f1xx_hal_tim.o
    0x08002184   0x08002184   0x00000166   Code   RO         2755    i.HAL_TIM_IRQHandler  stm32f1xx_hal_tim.o
    0x080022ea   0x080022ea   0x00000002   PAD
    0x080022ec   0x080022ec   0x00000064   Code   RO          543    i.HAL_TIM_MspPostInit  stm32f1xx_hal_msp.o
    0x08002350   0x08002350   0x00000002   Code   RO         2758    i.HAL_TIM_OC_DelayElapsedCallback  stm32f1xx_hal_tim.o
    0x08002352   0x08002352   0x000000d0   Code   RO         2779    i.HAL_TIM_PWM_ConfigChannel  stm32f1xx_hal_tim.o
    0x08002422   0x08002422   0x00000036   Code   RO         2782    i.HAL_TIM_PWM_Init  stm32f1xx_hal_tim.o
    0x08002458   0x08002458   0x00000002   Code   RO         2784    i.HAL_TIM_PWM_MspInit  stm32f1xx_hal_tim.o
    0x0800245a   0x0800245a   0x00000002   Code   RO         2785    i.HAL_TIM_PWM_PulseFinishedCallback  stm32f1xx_hal_tim.o
    0x0800245c   0x0800245c   0x00000002   Code   RO         2793    i.HAL_TIM_PeriodElapsedCallback  stm32f1xx_hal_tim.o
    0x0800245e   0x0800245e   0x00000002   Code   RO         2798    i.HAL_TIM_TriggerCallback  stm32f1xx_hal_tim.o
    0x08002460   0x08002460   0x00000002   Code   RO         3659    i.HAL_UART_ErrorCallback  stm32f1xx_hal_uart.o
    0x08002462   0x08002462   0x00000002   PAD
    0x08002464   0x08002464   0x00000110   Code   RO         3662    i.HAL_UART_IRQHandler  stm32f1xx_hal_uart.o
    0x08002574   0x08002574   0x00000062   Code   RO         3663    i.HAL_UART_Init     stm32f1xx_hal_uart.o
    0x080025d6   0x080025d6   0x00000002   PAD
    0x080025d8   0x080025d8   0x00000134   Code   RO          545    i.HAL_UART_MspInit  stm32f1xx_hal_msp.o
    0x0800270c   0x0800270c   0x00000052   Code   RO         3668    i.HAL_UART_Receive_IT  stm32f1xx_hal_uart.o
    0x0800275e   0x0800275e   0x00000002   Code   RO         3669    i.HAL_UART_RxCpltCallback  stm32f1xx_hal_uart.o
    0x08002760   0x08002760   0x0000003e   Code   RO         3673    i.HAL_UART_Transmit_IT  stm32f1xx_hal_uart.o
    0x0800279e   0x0800279e   0x00000002   Code   RO         3674    i.HAL_UART_TxCpltCallback  stm32f1xx_hal_uart.o
    0x080027a0   0x080027a0   0x00000002   Code   RO          357    i.HardFault_Handler  stm32f1xx_it.o
    0x080027a2   0x080027a2   0x00000002   PAD
    0x080027a4   0x080027a4   0x0000000c   Code   RO          358    i.I2C1_ER_IRQHandler  stm32f1xx_it.o
    0x080027b0   0x080027b0   0x0000000c   Code   RO          359    i.I2C1_EV_IRQHandler  stm32f1xx_it.o
    0x080027bc   0x080027bc   0x0000007e   Code   RO         2065    i.I2C_DMAAbort      stm32f1xx_hal_i2c.o
    0x0800283a   0x0800283a   0x00000002   PAD
    0x0800283c   0x0800283c   0x00000140   Code   RO         2068    i.I2C_ITError       stm32f1xx_hal_i2c.o
    0x0800297c   0x0800297c   0x000000d2   Code   RO         2070    i.I2C_MasterReceive_BTF  stm32f1xx_hal_i2c.o
    0x08002a4e   0x08002a4e   0x00000092   Code   RO         2071    i.I2C_MasterReceive_RXNE  stm32f1xx_hal_i2c.o
    0x08002ae0   0x08002ae0   0x00000082   Code   RO         2074    i.I2C_MasterTransmit_BTF  stm32f1xx_hal_i2c.o
    0x08002b62   0x08002b62   0x00000002   PAD
    0x08002b64   0x08002b64   0x00000104   Code   RO         2075    i.I2C_MasterTransmit_TXE  stm32f1xx_hal_i2c.o
    0x08002c68   0x08002c68   0x00000158   Code   RO         2076    i.I2C_Master_ADDR   stm32f1xx_hal_i2c.o
    0x08002dc0   0x08002dc0   0x0000008e   Code   RO         2077    i.I2C_Master_SB     stm32f1xx_hal_i2c.o
    0x08002e4e   0x08002e4e   0x00000002   PAD
    0x08002e50   0x08002e50   0x00000084   Code   RO         2080    i.I2C_Slave_AF      stm32f1xx_hal_i2c.o
    0x08002ed4   0x08002ed4   0x0000015c   Code   RO         2081    i.I2C_Slave_STOPF   stm32f1xx_hal_i2c.o
    0x08003030   0x08003030   0x00000040   Code   RO          270    i.MX_ADC1_Init      main.o
    0x08003070   0x08003070   0x000001b0   Code   RO          271    i.MX_GPIO_Init      main.o
    0x08003220   0x08003220   0x00000054   Code   RO          272    i.MX_TIM1_Init      main.o
    0x08003274   0x08003274   0x00000050   Code   RO          273    i.MX_TIM2_Init      main.o
    0x080032c4   0x080032c4   0x000000a0   Code   RO          274    i.MX_TIM3_Init      main.o
    0x08003364   0x08003364   0x00000054   Code   RO          275    i.MX_TIM4_Init      main.o
    0x080033b8   0x080033b8   0x00000002   Code   RO          360    i.MemManage_Handler  stm32f1xx_it.o
    0x080033ba   0x080033ba   0x00000002   Code   RO          361    i.NMI_Handler       stm32f1xx_it.o
    0x080033bc   0x080033bc   0x00000002   Code   RO          362    i.PendSV_Handler    stm32f1xx_it.o
    0x080033be   0x080033be   0x00000034   Code   RO         2458    i.RTC_EnterInitMode  stm32f1xx_hal_rtc.o
    0x080033f2   0x080033f2   0x00000002   PAD
    0x080033f4   0x080033f4   0x00000036   Code   RO         2459    i.RTC_ExitInitMode  stm32f1xx_hal_rtc.o
    0x0800342a   0x0800342a   0x00000002   Code   RO          363    i.SVC_Handler       stm32f1xx_it.o
    0x0800342c   0x0800342c   0x00000004   Code   RO          364    i.SysTick_Handler   stm32f1xx_it.o
    0x08003430   0x08003430   0x0000006c   Code   RO          276    i.SystemClock_Config  main.o
    0x0800349c   0x0800349c   0x00000048   Code   RO         3965    i.SystemInit        system_stm32f1xx.o
    0x080034e4   0x080034e4   0x00000018   Code   RO          365    i.TIM1_UP_IRQHandler  stm32f1xx_it.o
    0x080034fc   0x080034fc   0x000000f4   Code   RO          366    i.TIM2_IRQHandler   stm32f1xx_it.o
    0x080035f0   0x080035f0   0x0000000c   Code   RO          367    i.TIM3_IRQHandler   stm32f1xx_it.o
    0x080035fc   0x080035fc   0x00000024   Code   RO          368    i.TIM4_IRQHandler   stm32f1xx_it.o
    0x08003620   0x08003620   0x0000006c   Code   RO         2800    i.TIM_Base_SetConfig  stm32f1xx_hal_tim.o
    0x0800368c   0x0800368c   0x00000014   Code   RO         2811    i.TIM_ETR_SetConfig  stm32f1xx_hal_tim.o
    0x080036a0   0x080036a0   0x00000010   Code   RO         2812    i.TIM_ITRx_SetConfig  stm32f1xx_hal_tim.o
    0x080036b0   0x080036b0   0x00000050   Code   RO         2813    i.TIM_OC1_SetConfig  stm32f1xx_hal_tim.o
    0x08003700   0x08003700   0x00000058   Code   RO         2814    i.TIM_OC2_SetConfig  stm32f1xx_hal_tim.o
    0x08003758   0x08003758   0x00000058   Code   RO         2815    i.TIM_OC3_SetConfig  stm32f1xx_hal_tim.o
    0x080037b0   0x080037b0   0x00000044   Code   RO         2816    i.TIM_OC4_SetConfig  stm32f1xx_hal_tim.o
    0x080037f4   0x080037f4   0x00000022   Code   RO         2818    i.TIM_TI1_ConfigInputStage  stm32f1xx_hal_tim.o
    0x08003816   0x08003816   0x00000024   Code   RO         2820    i.TIM_TI2_ConfigInputStage  stm32f1xx_hal_tim.o
    0x0800383a   0x0800383a   0x00000010   Code   RO         3676    i.UART_DMAAbortOnError  stm32f1xx_hal_uart.o
    0x0800384a   0x0800384a   0x0000001c   Code   RO         3686    i.UART_EndRxTransfer  stm32f1xx_hal_uart.o
    0x08003866   0x08003866   0x00000096   Code   RO         3688    i.UART_Receive_IT   stm32f1xx_hal_uart.o
    0x080038fc   0x080038fc   0x000000b8   Code   RO         3689    i.UART_SetConfig    stm32f1xx_hal_uart.o
    0x080039b4   0x080039b4   0x00000062   Code   RO         3690    i.UART_Transmit_IT  stm32f1xx_hal_uart.o
    0x08003a16   0x08003a16   0x00000002   PAD
    0x08003a18   0x08003a18   0x0000004c   Code   RO          369    i.USART1_IRQHandler  stm32f1xx_it.o
    0x08003a64   0x08003a64   0x0000000c   Code   RO          370    i.USART2_IRQHandler  stm32f1xx_it.o
    0x08003a70   0x08003a70   0x0000003c   Code   RO          371    i.USART3_IRQHandler  stm32f1xx_it.o
    0x08003aac   0x08003aac   0x00000002   Code   RO          372    i.UsageFault_Handler  stm32f1xx_it.o
    0x08003aae   0x08003aae   0x00000028   Code   RO         4080    i.__ARM_fpclassify  m_ws.l(fpclassify.o)
    0x08003ad6   0x08003ad6   0x00000020   Code   RO         1529    i.__NVIC_SetPriority  stm32f1xx_hal_cortex.o
    0x08003af6   0x08003af6   0x00000002   PAD
    0x08003af8   0x08003af8   0x00000388   Code   RO         4041    i.__ieee754_rem_pio2  m_ws.l(rred.o)
    0x08003e80   0x08003e80   0x000000fc   Code   RO         4024    i.__kernel_cos      m_ws.l(cos_i.o)
    0x08003f7c   0x08003f7c   0x000000aa   Code   RO         4082    i.__kernel_poly     m_ws.l(poly.o)
    0x08004026   0x08004026   0x00000002   PAD
    0x08004028   0x08004028   0x000000ec   Code   RO         4046    i.__kernel_sin      m_ws.l(sin_i.o)
    0x08004114   0x08004114   0x00000006   Code   RO         4028    i.__mathlib_dbl_infnan  m_ws.l(dunder.o)
    0x0800411a   0x0800411a   0x0000000c   Code   RO         4030    i.__mathlib_dbl_invalid  m_ws.l(dunder.o)
    0x08004126   0x08004126   0x00000002   PAD
    0x08004128   0x08004128   0x00000010   Code   RO         4033    i.__mathlib_dbl_underflow  m_ws.l(dunder.o)
    0x08004138   0x08004138   0x0000000e   Code   RO         4092    i.__scatterload_copy  mc_w.l(handlers.o)
    0x08004146   0x08004146   0x00000002   Code   RO         4093    i.__scatterload_null  mc_w.l(handlers.o)
    0x08004148   0x08004148   0x0000000e   Code   RO         4094    i.__scatterload_zeroinit  mc_w.l(handlers.o)
    0x08004156   0x08004156   0x00000002   PAD
    0x08004158   0x08004158   0x0000000c   Code   RO         4072    i.__set_errno       mc_w.l(errno.o)
    0x08004164   0x08004164   0x00000034   Code   RO           14    i.bldc_motor_durdur  surus.o
    0x08004198   0x08004198   0x0000009c   Code   RO         4000    i.cos               m_ws.l(cos.o)
    0x08004234   0x08004234   0x00000010   Code   RO           17    i.direksiyon_kur    surus.o
    0x08004244   0x08004244   0x00000038   Code   RO          627    i.esikSetleme       ats.o
    0x0800427c   0x0800427c   0x00000050   Code   RO           18    i.fren_durum_kontrol  surus.o
    0x080042cc   0x080042cc   0x0000006c   Code   RO           19    i.frenleme          surus.o
    0x08004338   0x08004338   0x00000220   Code   RO          277    i.main              main.o
    0x08004558   0x08004558   0x0000003c   Code   RO          686    i.motorlariDurdur   suruslite.o
    0x08004594   0x08004594   0x00000174   Code   RO          687    i.motorlariSur      suruslite.o
    0x08004708   0x08004708   0x00000068   Code   RO          200    i.paket_dogrula     xbee.o
    0x08004770   0x08004770   0x0000000c   Code   RO          628    i.sayacGet          ats.o
    0x0800477c   0x0800477c   0x00000038   Code   RO          629    i.sayacReset        ats.o
    0x080047b4   0x080047b4   0x00000030   Code   RO          688    i.surusLite         suruslite.o
    0x080047e4   0x080047e4   0x00000030   Code   RO          201    i.veri_alma_baslat_it  xbee.o
    0x08004814   0x08004814   0x00000068   Code   RO          202    i.xbee              xbee.o
    0x0800487c   0x0800487c   0x00000028   Code   RO          203    i.xbee_gonder       xbee.o
    0x080048a4   0x080048a4   0x0000001c   Code   RO          204    i.xbee_uart_sifirlama  xbee.o
    0x080048c0   0x080048c0   0x00000010   Data   RO         3966    .constdata          system_stm32f1xx.o
    0x080048d0   0x080048d0   0x00000008   Data   RO         3967    .constdata          system_stm32f1xx.o
    0x080048d8   0x080048d8   0x00000030   Data   RO         4025    .constdata          m_ws.l(cos_i.o)
    0x08004908   0x08004908   0x000000c8   Data   RO         4043    .constdata          m_ws.l(rred.o)
    0x080049d0   0x080049d0   0x00000028   Data   RO         4047    .constdata          m_ws.l(sin_i.o)
    0x080049f8   0x080049f8   0x00000020   Data   RO         4090    Region$$Table       anon$$obj.o


    Execution Region RW_IRAM1 (Exec base: 0x20000000, Load base: 0x08004a18, Size: 0x000006e0, Max: 0x00005000, ABSOLUTE)

    Exec Addr    Load Addr    Size         Type   Attr      Idx    E Section Name        Object

    0x20000000   0x08004a18   0x00000018   Data   RW           22    .data               surus.o
    0x20000018   0x08004a30   0x00000004   Data   RW           26    .data               surus.o
    0x2000001c   0x08004a34   0x00000004   Data   RW           28    .data               surus.o
    0x20000020   0x08004a38   0x00000012   Data   RW          206    .data               xbee.o
    0x20000032   0x08004a4a   0x00000002   PAD
    0x20000034   0x08004a4c   0x00000008   Data   RW          373    .data               stm32f1xx_it.o
    0x2000003c   0x08004a54   0x00000016   Data   RW          630    .data               ats.o
    0x20000052   0x08004a6a   0x00000002   PAD
    0x20000054   0x08004a6c   0x00000004   Data   RW          689    .data               suruslite.o
    0x20000058   0x08004a70   0x00000018   Data   RW          690    .data               suruslite.o
    0x20000070   0x08004a88   0x0000000c   Data   RW         1066    .data               stm32f1xx_hal.o
    0x2000007c   0x08004a94   0x00000004   Data   RW         3968    .data               system_stm32f1xx.o
    0x20000080   0x08004a98   0x00000004   Data   RW         4073    .data               mc_w.l(errno.o)
    0x20000084        -       0x00000258   Zero   RW          278    .bss                main.o
    0x200002dc   0x08004a9c   0x00000004   PAD
    0x200002e0        -       0x00000400   Zero   RW            1    STACK               startup_stm32f103xb.o


==============================================================================

Image component sizes


      Code (inc. data)   RO Data    RW Data    ZI Data      Debug   Object Name

       368         40          0         22          0       4711   ats.o
      1558        126          0          0        600       6973   main.o
        36          8        236          0       1024        832   startup_stm32f103xb.o
       128         24          0         12          0       5501   stm32f1xx_hal.o
       846         24          0          0          0       5315   stm32f1xx_hal_adc.o
         2          0          0          0          0       1117   stm32f1xx_hal_adc_ex.o
       198         14          0          0          0      29127   stm32f1xx_hal_cortex.o
       158          4          0          0          0       1750   stm32f1xx_hal_dma.o
       516         40          0          0          0       4152   stm32f1xx_hal_gpio.o
      3732         62          0          0          0      21836   stm32f1xx_hal_i2c.o
       944        112          0          0          0       5468   stm32f1xx_hal_msp.o
        12          4          0          0          0        543   stm32f1xx_hal_pwr.o
      1272        100          0          0          0       5380   stm32f1xx_hal_rcc.o
       436         46          0          0          0       2621   stm32f1xx_hal_rcc_ex.o
       324          6          0          0          0       3860   stm32f1xx_hal_rtc.o
      1438         34          0          0          0      14902   stm32f1xx_hal_tim.o
        70          0          0          0          0       2477   stm32f1xx_hal_tim_ex.o
       996         12          0          0          0       8964   stm32f1xx_hal_uart.o
      1024        264          0          8          0      13092   stm32f1xx_it.o
       256         40          0         32          0     459494   surus.o
       480         40          0         28          0       2671   suruslite.o
        72         16         24          4          0       1247   system_stm32f1xx.o
       324         50          0         18          0       4019   xbee.o

    ----------------------------------------------------------------------
     15220       1066        292        128       1628     606052   Object Totals
         0          0         32          0          0          0   (incl. Generated)
        30          0          0          4          4          0   (incl. Padding)

    ----------------------------------------------------------------------

      Code (inc. data)   RO Data    RW Data    ZI Data      Debug   Library Member Name

       156          8          0          0          0        104   cos.o
       252         22         48          0          0        124   cos_i.o
        34          6          0          0          0        204   dunder.o
        40          0          0          0          0         68   fpclassify.o
       170          0          0          0          0         96   poly.o
       904         76        200          0          0        140   rred.o
       236         12         40          0          0        128   sin_i.o
         0          0          0          0          0          0   entry.o
         0          0          0          0          0          0   entry10a.o
         0          0          0          0          0          0   entry11a.o
         8          4          0          0          0          0   entry2.o
         4          0          0          0          0          0   entry5.o
         0          0          0          0          0          0   entry7b.o
         0          0          0          0          0          0   entry8b.o
         8          4          0          0          0          0   entry9a.o
        12          6          0          4          0         68   errno.o
        30          0          0          0          0          0   handlers.o
        36          8          0          0          0         68   init.o
         0          0          0          0          0          0   iusefp.o
        30          0          0          0          0         68   llshl.o
        36          0          0          0          0         68   llsshr.o
        32          0          0          0          0         68   llushr.o
        36          0          0          0          0        108   memseta.o
       334          0          0          0          0        148   dadd.o
       222          0          0          0          0        100   ddiv.o
       186          0          0          0          0        176   depilogue.o
        62          0          0          0          0         80   dfixi.o
        34          0          0          0          0         76   dflti.o
        26          0          0          0          0         76   dfltui.o
       228          0          0          0          0         96   dmul.o
        46          0          0          0          0         80   dscalb.o

    ----------------------------------------------------------------------
      3168        146        288          4          0       2144   Library Totals
         6          0          0          0          0          0   (incl. Padding)

    ----------------------------------------------------------------------

      Code (inc. data)   RO Data    RW Data    ZI Data      Debug   Library Name

      1792        124        288          0          0        864   m_ws.l
       232         22          0          4          0        448   mc_w.l
      1138          0          0          0          0        832   mf_w.l

    ----------------------------------------------------------------------
      3168        146        288          4          0       2144   Library Totals

    ----------------------------------------------------------------------

==============================================================================


      Code (inc. data)   RO Data    RW Data    ZI Data      Debug   

     18388       1212        580        132       1628     599560   Grand Totals
     18388       1212        580        132       1628     599560   ELF Image Totals
     18388       1212        580        132          0          0   ROM Totals

==============================================================================

    Total RO  Size (Code + RO Data)                18968 (  18.52kB)
    Total RW  Size (RW Data + ZI Data)              1760 (   1.72kB)
    Total ROM Size (Code + RO Data + RW Data)      19100 (  18.65kB)

==============================================================================

